192.168.99.1 - - [15/Jan/2024:03:01:46 +0000] "POST /login HTTP/1.1" 401 106 "-" "Mozilla/5.0 (Windows NT 10.0; Win64; x64) AppleWebKit/537.36"
10.0.0.20 - - [15/Jan/2024:10:37:05 +0000] "GET /api/v1/users HTTP/1.1" 200 1842 "-" "Mozilla/5.0 (X11; Linux x86_64) Gecko/20100101 Firefox/118.0"
10.0.0.6 - - [15/Jan/2024:14:09:48 +0000] "GET /admin/config HTTP/1.1" 200 1411 "-" "Mozilla/5.0 (X11; Linux x86_64) Gecko/20100101 Firefox/118.0"
45.33.32.156 - - [15/Jan/2024:14:03:03 +0000] "GET /api/v1/admin HTTP/1.1" 404 330 "-" "sqlmap/1.7.8"
10.0.0.10 - - [15/Jan/2024:12:57:54 +0000] "GET /api/v1/data HTTP/1.1" 200 2521 "-" "Mozilla/5.0 (X11; Linux x86_64) Gecko/20100101 Firefox/118.0"
192.168.99.1 - - [15/Jan/2024:03:15:52 +0000] "POST /login HTTP/1.1" 403 55 "-" "Mozilla/5.0 (Windows NT 10.0; Win64; x64) AppleWebKit/537.36"
192.168.99.1 - - [15/Jan/2024:03:06:16 +0000] "POST /login HTTP/1.1" 403 262 "-" "Mozilla/5.0 (Windows NT 10.0; Win64; x64) AppleWebKit/537.36"
192.168.99.1 - - [15/Jan/2024:03:44:00 +0000] "POST /login HTTP/1.1" 401 200 "-" "Mozilla/5.0 (Windows NT 10.0; Win64; x64) AppleWebKit/537.36"
10.0.0.19 - - [15/Jan/2024:15:04:15 +0000] "GET /logout HTTP/1.1" 304 1389 "-" "Mozilla/5.0 (Windows NT 10.0; Win64; x64) AppleWebKit/537.36"
192.168.99.1 - - [15/Jan/2024:03:11:11 +0000] "POST /login HTTP/1.1" 401 138 "-" "Mozilla/5.0 (Windows NT 10.0; Win64; x64) AppleWebKit/537.36"
10.0.0.6 - - [15/Jan/2024:15:04:46 +0000] "GET /api/v1/users HTTP/1.1" 200 4816 "-" "Mozilla/5.0 (Macintosh; Intel Mac OS X 10_15_7) AppleWebKit/605.1.15"
10.0.0.2 - - [15/Jan/2024:09:22:23 +0000] "GET /static/style.css HTTP/1.1" 304 790 "-" "Mozilla/5.0 (Macintosh; Intel Mac OS X 10_15_7) AppleWebKit/605.1.15"
10.0.0.2 - - [15/Jan/2024:08:13:20 +0000] "GET /products.html HTTP/1.1" 200 3830 "-" "Mozilla/5.0 (Windows NT 10.0; Win64; x64) AppleWebKit/537.36"
45.33.32.156 - - [15/Jan/2024:14:02:15 +0000] "GET /phpmyadmin HTTP/1.1" 403 720 "-" "sqlmap/1.7.8"
45.33.32.156 - - [15/Jan/2024:14:02:24 +0000] "GET /phpmyadmin HTTP/1.1" 200 960 "-" "sqlmap/1.7.8"
10.0.0.19 - - [15/Jan/2024:11:46:20 +0000] "GET /products.html HTTP/1.1" 200 1308 "-" "Mozilla/5.0 (Windows NT 10.0; Win64; x64) AppleWebKit/537.36"
10.0.0.15 - - [15/Jan/2024:09:34:17 +0000] "GET /about.html HTTP/1.1" 200 631 "-" "Mozilla/5.0 (X11; Linux x86_64) Gecko/20100101 Firefox/118.0"
45.33.32.156 - - [15/Jan/2024:14:03:24 +0000] "GET /config.php HTTP/1.1" 404 743 "-" "Nikto/2.1.6"
172.16.0.55 - - [15/Jan/2024:22:31:20 +0000] "GET /api/v1/data HTTP/1.1" 200 814424 "-" "Mozilla/5.0 (X11; Linux x86_64) Gecko/20100101 Firefox/118.0"
10.0.0.13 - - [15/Jan/2024:10:05:02 +0000] "GET /about.html HTTP/1.1" 200 2551 "-" "Mozilla/5.0 (Macintosh; Intel Mac OS X 10_15_7) AppleWebKit/605.1.15"
10.0.0.15 - - [15/Jan/2024:10:51:48 +0000] "GET /logout HTTP/1.1" 304 4069 "-" "Mozilla/5.0 (Windows NT 10.0; Win64; x64) AppleWebKit/537.36"
45.33.32.156 - - [15/Jan/2024:14:03:45 +0000] "GET /phpmyadmin HTTP/1.1" 404 57 "-" "python-requests/2.31.0"
192.168.99.1 - - [15/Jan/2024:03:36:25 +0000] "POST /login HTTP/1.1" 403 284 "-" "Mozilla/5.0 (Windows NT 10.0; Win64; x64) AppleWebKit/537.36"
10.0.0.17 - - [15/Jan/2024:13:38:28 +0000] "GET /api/v1/users HTTP/1.1" 200 747 "-" "Mozilla/5.0 (Macintosh; Intel Mac OS X 10_15_7) AppleWebKit/605.1.15"
10.0.0.15 - - [15/Jan/2024:14:52:28 +0000] "POST /logout HTTP/1.1" 200 3752 "-" "Mozilla/5.0 (X11; Linux x86_64) Gecko/20100101 Firefox/118.0"
45.33.32.156 - - [15/Jan/2024:14:03:54 +0000] "GET /wp-admin HTTP/1.1" 403 333 "-" "python-requests/2.31.0"
192.168.99.1 - - [15/Jan/2024:03:12:14 +0000] "POST /login HTTP/1.1" 401 182 "-" "Mozilla/5.0 (Windows NT 10.0; Win64; x64) AppleWebKit/537.36"
192.168.99.1 - - [15/Jan/2024:03:48:05 +0000] "POST /login HTTP/1.1" 403 151 "-" "Mozilla/5.0 (Windows NT 10.0; Win64; x64) AppleWebKit/537.36"
10.0.0.19 - - [15/Jan/2024:08:27:23 +0000] "POST /static/style.css HTTP/1.1" 304 1389 "-" "Mozilla/5.0 (X11; Linux x86_64) Gecko/20100101 Firefox/118.0"
10.0.0.1 - - [15/Jan/2024:08:08:35 +0000] "POST /login HTTP/1.1" 200 4436 "-" "Mozilla/5.0 (Windows NT 10.0; Win64; x64) AppleWebKit/537.36"
10.0.0.7 - - [15/Jan/2024:09:44:38 +0000] "GET /login HTTP/1.1" 200 2381 "-" "Mozilla/5.0 (Windows NT 10.0; Win64; x64) AppleWebKit/537.36"
10.0.0.12 - - [15/Jan/2024:15:34:23 +0000] "GET /about.html HTTP/1.1" 304 3669 "-" "Mozilla/5.0 (Windows NT 10.0; Win64; x64) AppleWebKit/537.36"
10.0.0.14 - - [15/Jan/2024:15:41:39 +0000] "GET /dashboard HTTP/1.1" 200 4426 "-" "Mozilla/5.0 (Windows NT 10.0; Win64; x64) AppleWebKit/537.36"
192.168.99.1 - - [15/Jan/2024:03:40:00 +0000] "POST /login HTTP/1.1" 401 127 "-" "Mozilla/5.0 (Windows NT 10.0; Win64; x64) AppleWebKit/537.36"
192.168.99.1 - - [15/Jan/2024:03:58:54 +0000] "POST /login HTTP/1.1" 401 61 "-" "Mozilla/5.0 (Windows NT 10.0; Win64; x64) AppleWebKit/537.36"
10.0.0.10 - - [15/Jan/2024:13:01:29 +0000] "POST /dashboard HTTP/1.1" 304 4829 "-" "Mozilla/5.0 (Macintosh; Intel Mac OS X 10_15_7) AppleWebKit/605.1.15"
172.16.0.55 - - [15/Jan/2024:22:35:40 +0000] "GET /api/v1/data HTTP/1.1" 200 1119927 "-" "Mozilla/5.0 (X11; Linux x86_64) Gecko/20100101 Firefox/118.0"
10.0.0.19 - - [15/Jan/2024:13:40:57 +0000] "GET /login HTTP/1.1" 200 4446 "-" "Mozilla/5.0 (X11; Linux x86_64) Gecko/20100101 Firefox/118.0"
10.0.0.13 - - [15/Jan/2024:08:33:06 +0000] "GET /admin/config HTTP/1.1" 304 2136 "-" "Mozilla/5.0 (Windows NT 10.0; Win64; x64) AppleWebKit/537.36"
10.0.0.9 - - [15/Jan/2024:10:08:03 +0000] "GET /api/v1/data HTTP/1.1" 304 1233 "-" "Mozilla/5.0 (Windows NT 10.0; Win64; x64) AppleWebKit/537.36"
10.0.0.18 - - [15/Jan/2024:14:10:03 +0000] "GET /contact.html HTTP/1.1" 200 4913 "-" "Mozilla/5.0 (Macintosh; Intel Mac OS X 10_15_7) AppleWebKit/605.1.15"
172.16.0.55 - - [15/Jan/2024:22:34:20 +0000] "GET /api/v1/data HTTP/1.1" 200 793453 "-" "Mozilla/5.0 (X11; Linux x86_64) Gecko/20100101 Firefox/118.0"
10.0.0.10 - - [15/Jan/2024:08:42:08 +0000] "POST /about.html HTTP/1.1" 200 4413 "-" "Mozilla/5.0 (X11; Linux x86_64) Gecko/20100101 Firefox/118.0"
10.0.0.7 - - [15/Jan/2024:09:14:33 +0000] "POST /static/app.js HTTP/1.1" 200 3451 "-" "Mozilla/5.0 (Macintosh; Intel Mac OS X 10_15_7) AppleWebKit/605.1.15"
10.0.0.10 - - [15/Jan/2024:08:02:50 +0000] "GET /static/style.css HTTP/1.1" 200 1185 "-" "Mozilla/5.0 (Windows NT 10.0; Win64; x64) AppleWebKit/537.36"
10.0.0.19 - - [15/Jan/2024:12:05:36 +0000] "GET /dashboard HTTP/1.1" 200 4207 "-" "Mozilla/5.0 (Macintosh; Intel Mac OS X 10_15_7) AppleWebKit/605.1.15"
10.0.0.5 - - [15/Jan/2024:09:32:34 +0000] "GET /api/v1/users HTTP/1.1" 200 618 "-" "Mozilla/5.0 (Windows NT 10.0; Win64; x64) AppleWebKit/537.36"
10.0.0.13 - - [15/Jan/2024:11:23:44 +0000] "POST /static/style.css HTTP/1.1" 200 1950 "-" "Mozilla/5.0 (X11; Linux x86_64) Gecko/20100101 Firefox/118.0"
10.0.0.11 - - [15/Jan/2024:09:14:50 +0000] "POST /static/style.css HTTP/1.1" 200 4323 "-" "Mozilla/5.0 (X11; Linux x86_64) Gecko/20100101 Firefox/118.0"
192.168.99.1 - - [15/Jan/2024:03:44:05 +0000] "POST /login HTTP/1.1" 401 82 "-" "Mozilla/5.0 (Windows NT 10.0; Win64; x64) AppleWebKit/537.36"
10.0.0.14 - - [15/Jan/2024:11:13:29 +0000] "GET /static/app.js HTTP/1.1" 304 906 "-" "Mozilla/5.0 (Windows NT 10.0; Win64; x64) AppleWebKit/537.36"
192.168.99.1 - - [15/Jan/2024:03:16:15 +0000] "POST /login HTTP/1.1" 401 296 "-" "Mozilla/5.0 (Windows NT 10.0; Win64; x64) AppleWebKit/537.36"
10.0.0.7 - - [15/Jan/2024:09:03:28 +0000] "POST /admin/config HTTP/1.1" 200 3749 "-" "Mozilla/5.0 (X11; Linux x86_64) Gecko/20100101 Firefox/118.0"
10.0.0.13 - - [15/Jan/2024:12:46:58 +0000] "GET /api/v1/data HTTP/1.1" 200 2904 "-" "Mozilla/5.0 (X11; Linux x86_64) Gecko/20100101 Firefox/118.0"
10.0.0.15 - - [15/Jan/2024:15:39:01 +0000] "POST /contact.html HTTP/1.1" 200 4948 "-" "Mozilla/5.0 (Macintosh; Intel Mac OS X 10_15_7) AppleWebKit/605.1.15"
10.0.0.18 - - [15/Jan/2024:10:24:25 +0000] "GET /about.html HTTP/1.1" 200 2247 "-" "Mozilla/5.0 (X11; Linux x86_64) Gecko/20100101 Firefox/118.0"
10.0.0.18 - - [15/Jan/2024:11:00:45 +0000] "GET /static/app.js HTTP/1.1" 200 1611 "-" "Mozilla/5.0 (Macintosh; Intel Mac OS X 10_15_7) AppleWebKit/605.1.15"
192.168.99.1 - - [15/Jan/2024:03:39:38 +0000] "POST /login HTTP/1.1" 401 84 "-" "Mozilla/5.0 (Windows NT 10.0; Win64; x64) AppleWebKit/537.36"
10.0.0.2 - - [15/Jan/2024:10:18:20 +0000] "GET /dashboard HTTP/1.1" 200 2819 "-" "Mozilla/5.0 (Windows NT 10.0; Win64; x64) AppleWebKit/537.36"
10.0.0.4 - - [15/Jan/2024:14:10:59 +0000] "GET /contact.html HTTP/1.1" 304 1139 "-" "Mozilla/5.0 (Macintosh; Intel Mac OS X 10_15_7) AppleWebKit/605.1.15"
10.0.0.4 - - [15/Jan/2024:11:51:09 +0000] "GET /api/v1/users HTTP/1.1" 200 2053 "-" "Mozilla/5.0 (Windows NT 10.0; Win64; x64) AppleWebKit/537.36"
10.0.0.14 - - [15/Jan/2024:08:24:14 +0000] "POST /index.html HTTP/1.1" 304 1714 "-" "Mozilla/5.0 (X11; Linux x86_64) Gecko/20100101 Firefox/118.0"
10.0.0.8 - - [15/Jan/2024:15:40:08 +0000] "GET /about.html HTTP/1.1" 200 3835 "-" "Mozilla/5.0 (X11; Linux x86_64) Gecko/20100101 Firefox/118.0"
10.0.0.16 - - [15/Jan/2024:11:10:13 +0000] "GET /about.html HTTP/1.1" 200 2712 "-" "Mozilla/5.0 (Macintosh; Intel Mac OS X 10_15_7) AppleWebKit/605.1.15"
10.0.0.8 - - [15/Jan/2024:12:12:39 +0000] "GET /about.html HTTP/1.1" 304 902 "-" "Mozilla/5.0 (X11; Linux x86_64) Gecko/20100101 Firefox/118.0"
10.0.0.12 - - [15/Jan/2024:12:33:29 +0000] "GET /index.html HTTP/1.1" 200 2890 "-" "Mozilla/5.0 (Windows NT 10.0; Win64; x64) AppleWebKit/537.36"
10.0.0.20 - - [15/Jan/2024:14:35:15 +0000] "GET /contact.html HTTP/1.1" 200 1258 "-" "Mozilla/5.0 (X11; Linux x86_64) Gecko/20100101 Firefox/118.0"
172.16.0.55 - - [15/Jan/2024:22:38:20 +0000] "GET /api/v1/data HTTP/1.1" 200 1699659 "-" "Mozilla/5.0 (X11; Linux x86_64) Gecko/20100101 Firefox/118.0"
10.0.0.18 - - [15/Jan/2024:09:05:17 +0000] "GET /admin/config HTTP/1.1" 200 4066 "-" "Mozilla/5.0 (X11; Linux x86_64) Gecko/20100101 Firefox/118.0"
10.0.0.12 - - [15/Jan/2024:11:10:00 +0000] "POST /static/style.css HTTP/1.1" 200 2536 "-" "Mozilla/5.0 (X11; Linux x86_64) Gecko/20100101 Firefox/118.0"
10.0.0.8 - - [15/Jan/2024:11:36:36 +0000] "GET /login HTTP/1.1" 200 3919 "-" "Mozilla/5.0 (Macintosh; Intel Mac OS X 10_15_7) AppleWebKit/605.1.15"
192.168.99.1 - - [15/Jan/2024:03:26:06 +0000] "POST /login HTTP/1.1" 403 141 "-" "Mozilla/5.0 (Windows NT 10.0; Win64; x64) AppleWebKit/537.36"
10.0.0.2 - - [15/Jan/2024:12:34:37 +0000] "POST /about.html HTTP/1.1" 200 1426 "-" "Mozilla/5.0 (Windows NT 10.0; Win64; x64) AppleWebKit/537.36"
10.0.0.9 - - [15/Jan/2024:09:18:01 +0000] "GET /contact.html HTTP/1.1" 200 2252 "-" "Mozilla/5.0 (X11; Linux x86_64) Gecko/20100101 Firefox/118.0"
192.168.99.1 - - [15/Jan/2024:03:34:16 +0000] "POST /login HTTP/1.1" 403 63 "-" "Mozilla/5.0 (Windows NT 10.0; Win64; x64) AppleWebKit/537.36"
10.0.0.13 - - [15/Jan/2024:08:39:21 +0000] "GET /admin/config HTTP/1.1" 200 737 "-" "Mozilla/5.0 (Macintosh; Intel Mac OS X 10_15_7) AppleWebKit/605.1.15"
45.33.32.156 - - [15/Jan/2024:14:01:42 +0000] "GET /.env HTTP/1.1" 403 825 "-" "sqlmap/1.7.8"
192.168.99.1 - - [15/Jan/2024:03:27:20 +0000] "POST /login HTTP/1.1" 401 211 "-" "Mozilla/5.0 (Windows NT 10.0; Win64; x64) AppleWebKit/537.36"
10.0.0.7 - - [15/Jan/2024:12:21:48 +0000] "GET /api/v1/data HTTP/1.1" 404 1835 "-" "Mozilla/5.0 (Windows NT 10.0; Win64; x64) AppleWebKit/537.36"
10.0.0.5 - - [15/Jan/2024:08:54:54 +0000] "POST /index.html HTTP/1.1" 404 3433 "-" "Mozilla/5.0 (Windows NT 10.0; Win64; x64) AppleWebKit/537.36"
45.33.32.156 - - [15/Jan/2024:14:00:48 +0000] "GET /backup.zip HTTP/1.1" 404 354 "-" "Nikto/2.1.6"
192.168.99.1 - - [15/Jan/2024:03:38:44 +0000] "POST /login HTTP/1.1" 401 204 "-" "Mozilla/5.0 (Windows NT 10.0; Win64; x64) AppleWebKit/537.36"
10.0.0.18 - - [15/Jan/2024:15:45:44 +0000] "GET /admin/config HTTP/1.1" 200 3489 "-" "Mozilla/5.0 (Windows NT 10.0; Win64; x64) AppleWebKit/537.36"
10.0.0.16 - - [15/Jan/2024:14:21:20 +0000] "GET /about.html HTTP/1.1" 404 2060 "-" "Mozilla/5.0 (X11; Linux x86_64) Gecko/20100101 Firefox/118.0"
10.0.0.6 - - [15/Jan/2024:14:09:54 +0000] "POST /logout HTTP/1.1" 200 103 "-" "Mozilla/5.0 (X11; Linux x86_64) Gecko/20100101 Firefox/118.0"
10.0.0.20 - - [15/Jan/2024:13:43:31 +0000] "GET /static/app.js HTTP/1.1" 304 358 "-" "Mozilla/5.0 (Windows NT 10.0; Win64; x64) AppleWebKit/537.36"
45.33.32.156 - - [15/Jan/2024:14:02:42 +0000] "GET /backup.zip HTTP/1.1" 404 669 "-" "python-requests/2.31.0"
172.16.0.55 - - [15/Jan/2024:22:36:20 +0000] "GET /api/v1/data HTTP/1.1" 200 1377795 "-" "Mozilla/5.0 (X11; Linux x86_64) Gecko/20100101 Firefox/118.0"
192.168.99.1 - - [15/Jan/2024:03:41:55 +0000] "POST /login HTTP/1.1" 401 83 "-" "Mozilla/5.0 (Windows NT 10.0; Win64; x64) AppleWebKit/537.36"
10.0.0.15 - - [15/Jan/2024:13:47:00 +0000] "GET /admin/config HTTP/1.1" 200 1245 "-" "Mozilla/5.0 (Windows NT 10.0; Win64; x64) AppleWebKit/537.36"
10.0.0.18 - - [15/Jan/2024:11:47:06 +0000] "POST /static/style.css HTTP/1.1" 304 2127 "-" "Mozilla/5.0 (Windows NT 10.0; Win64; x64) AppleWebKit/537.36"
10.0.0.20 - - [15/Jan/2024:09:38:45 +0000] "GET /contact.html HTTP/1.1" 200 2045 "-" "Mozilla/5.0 (Macintosh; Intel Mac OS X 10_15_7) AppleWebKit/605.1.15"
45.33.32.156 - - [15/Jan/2024:14:00:30 +0000] "GET /wp-admin HTTP/1.1" 403 959 "-" "sqlmap/1.7.8"
172.16.0.55 - - [15/Jan/2024:22:30:40 +0000] "GET /api/v1/data HTTP/1.1" 200 1126610 "-" "Mozilla/5.0 (X11; Linux x86_64) Gecko/20100101 Firefox/118.0"
10.0.0.6 - - [15/Jan/2024:14:56:45 +0000] "GET /api/v1/users HTTP/1.1" 304 3683 "-" "Mozilla/5.0 (Windows NT 10.0; Win64; x64) AppleWebKit/537.36"
10.0.0.5 - - [15/Jan/2024:11:42:57 +0000] "GET /api/v1/users HTTP/1.1" 200 3979 "-" "Mozilla/5.0 (X11; Linux x86_64) Gecko/20100101 Firefox/118.0"
10.0.0.9 - - [15/Jan/2024:09:04:18 +0000] "GET /api/v1/users HTTP/1.1" 200 2439 "-" "Mozilla/5.0 (X11; Linux x86_64) Gecko/20100101 Firefox/118.0"
10.0.0.3 - - [15/Jan/2024:10:43:49 +0000] "GET /dashboard HTTP/1.1" 200 3189 "-" "Mozilla/5.0 (Macintosh; Intel Mac OS X 10_15_7) AppleWebKit/605.1.15"
10.0.0.8 - - [15/Jan/2024:08:46:45 +0000] "GET /admin/config HTTP/1.1" 200 4000 "-" "Mozilla/5.0 (Windows NT 10.0; Win64; x64) AppleWebKit/537.36"
45.33.32.156 - - [15/Jan/2024:14:02:33 +0000] "GET /backup.zip HTTP/1.1" 403 553 "-" "python-requests/2.31.0"
192.168.99.1 - - [15/Jan/2024:03:24:54 +0000] "POST /login HTTP/1.1" 200 145 "-" "Mozilla/5.0 (Windows NT 10.0; Win64; x64) AppleWebKit/537.36"
10.0.0.7 - - [15/Jan/2024:08:08:33 +0000] "GET /logout HTTP/1.1" 200 3362 "-" "Mozilla/5.0 (X11; Linux x86_64) Gecko/20100101 Firefox/118.0"
10.0.0.11 - - [15/Jan/2024:15:45:10 +0000] "POST /dashboard HTTP/1.1" 200 4097 "-" "Mozilla/5.0 (Macintosh; Intel Mac OS X 10_15_7) AppleWebKit/605.1.15"
192.168.99.1 - - [15/Jan/2024:03:34:44 +0000] "POST /login HTTP/1.1" 401 269 "-" "Mozilla/5.0 (Windows NT 10.0; Win64; x64) AppleWebKit/537.36"
192.168.99.1 - - [15/Jan/2024:03:54:52 +0000] "POST /login HTTP/1.1" 403 81 "-" "Mozilla/5.0 (Windows NT 10.0; Win64; x64) AppleWebKit/537.36"
10.0.0.9 - - [15/Jan/2024:12:10:59 +0000] "GET /dashboard HTTP/1.1" 304 2456 "-" "Mozilla/5.0 (Macintosh; Intel Mac OS X 10_15_7) AppleWebKit/605.1.15"
192.168.99.1 - - [15/Jan/2024:03:45:13 +0000] "POST /login HTTP/1.1" 200 110 "-" "Mozilla/5.0 (Windows NT 10.0; Win64; x64) AppleWebKit/537.36"
45.33.32.156 - - [15/Jan/2024:14:03:06 +0000] "GET /cgi-bin/test.cgi HTTP/1.1" 404 700 "-" "Nikto/2.1.6"
192.168.99.1 - - [15/Jan/2024:03:57:18 +0000] "POST /login HTTP/1.1" 403 52 "-" "Mozilla/5.0 (Windows NT 10.0; Win64; x64) AppleWebKit/537.36"
10.0.0.11 - - [15/Jan/2024:15:50:49 +0000] "GET /logout HTTP/1.1" 200 3521 "-" "Mozilla/5.0 (X11; Linux x86_64) Gecko/20100101 Firefox/118.0"
45.33.32.156 - - [15/Jan/2024:14:01:18 +0000] "GET /cgi-bin/test.cgi HTTP/1.1" 404 281 "-" "sqlmap/1.7.8"
45.33.32.156 - - [15/Jan/2024:14:00:15 +0000] "GET /cgi-bin/test.cgi HTTP/1.1" 404 220 "-" "sqlmap/1.7.8"
10.0.0.8 - - [15/Jan/2024:09:22:22 +0000] "GET /static/app.js HTTP/1.1" 200 3498 "-" "Mozilla/5.0 (Windows NT 10.0; Win64; x64) AppleWebKit/537.36"
10.0.0.12 - - [15/Jan/2024:10:22:50 +0000] "GET /admin/config HTTP/1.1" 200 3912 "-" "Mozilla/5.0 (Windows NT 10.0; Win64; x64) AppleWebKit/537.36"
45.33.32.156 - - [15/Jan/2024:14:03:27 +0000] "GET /backup.zip HTTP/1.1" 404 575 "-" "Nikto/2.1.6"
172.16.0.55 - - [15/Jan/2024:22:35:20 +0000] "GET /api/v1/data HTTP/1.1" 200 1543066 "-" "Mozilla/5.0 (X11; Linux x86_64) Gecko/20100101 Firefox/118.0"
192.168.99.1 - - [15/Jan/2024:03:14:39 +0000] "POST /login HTTP/1.1" 403 120 "-" "Mozilla/5.0 (Windows NT 10.0; Win64; x64) AppleWebKit/537.36"
10.0.0.17 - - [15/Jan/2024:14:58:14 +0000] "GET /static/style.css HTTP/1.1" 200 2440 "-" "Mozilla/5.0 (Windows NT 10.0; Win64; x64) AppleWebKit/537.36"
10.0.0.18 - - [15/Jan/2024:14:55:23 +0000] "GET /contact.html HTTP/1.1" 200 1452 "-" "Mozilla/5.0 (X11; Linux x86_64) Gecko/20100101 Firefox/118.0"
10.0.0.3 - - [15/Jan/2024:09:45:00 +0000] "GET /index.html HTTP/1.1" 200 2007 "-" "Mozilla/5.0 (Windows NT 10.0; Win64; x64) AppleWebKit/537.36"
192.168.99.1 - - [15/Jan/2024:03:27:03 +0000] "POST /login HTTP/1.1" 401 223 "-" "Mozilla/5.0 (Windows NT 10.0; Win64; x64) AppleWebKit/537.36"
10.0.0.8 - - [15/Jan/2024:08:23:14 +0000] "POST /products.html HTTP/1.1" 200 709 "-" "Mozilla/5.0 (Windows NT 10.0; Win64; x64) AppleWebKit/537.36"
172.16.0.55 - - [15/Jan/2024:22:36:40 +0000] "GET /api/v1/data HTTP/1.1" 200 1348505 "-" "Mozilla/5.0 (X11; Linux x86_64) Gecko/20100101 Firefox/118.0"
192.168.99.1 - - [15/Jan/2024:03:09:22 +0000] "POST /login HTTP/1.1" 401 214 "-" "Mozilla/5.0 (Windows NT 10.0; Win64; x64) AppleWebKit/537.36"
10.0.0.2 - - [15/Jan/2024:14:55:03 +0000] "GET /products.html HTTP/1.1" 200 3689 "-" "Mozilla/5.0 (Macintosh; Intel Mac OS X 10_15_7) AppleWebKit/605.1.15"
45.33.32.156 - - [15/Jan/2024:14:03:09 +0000] "GET /admin HTTP/1.1" 403 550 "-" "python-requests/2.31.0"
192.168.99.1 - - [15/Jan/2024:03:48:34 +0000] "POST /login HTTP/1.1" 401 61 "-" "Mozilla/5.0 (Windows NT 10.0; Win64; x64) AppleWebKit/537.36"
10.0.0.19 - - [15/Jan/2024:08:31:56 +0000] "POST /admin/config HTTP/1.1" 200 568 "-" "Mozilla/5.0 (Macintosh; Intel Mac OS X 10_15_7) AppleWebKit/605.1.15"
192.168.99.1 - - [15/Jan/2024:03:05:53 +0000] "POST /login HTTP/1.1" 403 79 "-" "Mozilla/5.0 (Windows NT 10.0; Win64; x64) AppleWebKit/537.36"
10.0.0.1 - - [15/Jan/2024:12:07:47 +0000] "GET /admin/config HTTP/1.1" 404 4258 "-" "Mozilla/5.0 (Windows NT 10.0; Win64; x64) AppleWebKit/537.36"
10.0.0.18 - - [15/Jan/2024:14:57:27 +0000] "POST /api/v1/users HTTP/1.1" 200 1154 "-" "Mozilla/5.0 (Windows NT 10.0; Win64; x64) AppleWebKit/537.36"
10.0.0.10 - - [15/Jan/2024:12:47:46 +0000] "GET /index.html HTTP/1.1" 200 548 "-" "Mozilla/5.0 (X11; Linux x86_64) Gecko/20100101 Firefox/118.0"
10.0.0.15 - - [15/Jan/2024:10:42:26 +0000] "GET /about.html HTTP/1.1" 200 4066 "-" "Mozilla/5.0 (Macintosh; Intel Mac OS X 10_15_7) AppleWebKit/605.1.15"
10.0.0.6 - - [15/Jan/2024:13:32:40 +0000] "GET /login HTTP/1.1" 200 2311 "-" "Mozilla/5.0 (Macintosh; Intel Mac OS X 10_15_7) AppleWebKit/605.1.15"
10.0.0.5 - - [15/Jan/2024:09:22:51 +0000] "GET /logout HTTP/1.1" 200 1070 "-" "Mozilla/5.0 (Windows NT 10.0; Win64; x64) AppleWebKit/537.36"
10.0.0.9 - - [15/Jan/2024:14:13:47 +0000] "POST /login HTTP/1.1" 200 2676 "-" "Mozilla/5.0 (Windows NT 10.0; Win64; x64) AppleWebKit/537.36"
192.168.99.1 - - [15/Jan/2024:03:18:20 +0000] "POST /login HTTP/1.1" 403 80 "-" "Mozilla/5.0 (Windows NT 10.0; Win64; x64) AppleWebKit/537.36"
10.0.0.16 - - [15/Jan/2024:14:56:33 +0000] "GET /about.html HTTP/1.1" 200 2247 "-" "Mozilla/5.0 (Windows NT 10.0; Win64; x64) AppleWebKit/537.36"
192.168.99.1 - - [15/Jan/2024:03:52:48 +0000] "POST /login HTTP/1.1" 403 133 "-" "Mozilla/5.0 (Windows NT 10.0; Win64; x64) AppleWebKit/537.36"
45.33.32.156 - - [15/Jan/2024:14:00:12 +0000] "GET /wp-admin HTTP/1.1" 404 99 "-" "sqlmap/1.7.8"
10.0.0.2 - - [15/Jan/2024:13:49:14 +0000] "GET /about.html HTTP/1.1" 200 1410 "-" "Mozilla/5.0 (X11; Linux x86_64) Gecko/20100101 Firefox/118.0"
45.33.32.156 - - [15/Jan/2024:14:03:21 +0000] "GET /.env HTTP/1.1" 404 848 "-" "Nikto/2.1.6"
10.0.0.15 - - [15/Jan/2024:12:43:25 +0000] "GET /api/v1/users HTTP/1.1" 404 4128 "-" "Mozilla/5.0 (Macintosh; Intel Mac OS X 10_15_7) AppleWebKit/605.1.15"
10.0.0.6 - - [15/Jan/2024:12:35:33 +0000] "GET /index.html HTTP/1.1" 200 4393 "-" "Mozilla/5.0 (Macintosh; Intel Mac OS X 10_15_7) AppleWebKit/605.1.15"
10.0.0.1 - - [15/Jan/2024:14:51:54 +0000] "GET /products.html HTTP/1.1" 304 1348 "-" "Mozilla/5.0 (X11; Linux x86_64) Gecko/20100101 Firefox/118.0"
10.0.0.7 - - [15/Jan/2024:13:55:36 +0000] "GET /logout HTTP/1.1" 200 4179 "-" "Mozilla/5.0 (Windows NT 10.0; Win64; x64) AppleWebKit/537.36"
10.0.0.11 - - [15/Jan/2024:12:20:45 +0000] "GET /products.html HTTP/1.1" 200 3759 "-" "Mozilla/5.0 (Windows NT 10.0; Win64; x64) AppleWebKit/537.36"
192.168.99.1 - - [15/Jan/2024:03:40:26 +0000] "POST /login HTTP/1.1" 401 238 "-" "Mozilla/5.0 (Windows NT 10.0; Win64; x64) AppleWebKit/537.36"
10.0.0.5 - - [15/Jan/2024:08:58:25 +0000] "GET /api/v1/users HTTP/1.1" 304 3212 "-" "Mozilla/5.0 (Macintosh; Intel Mac OS X 10_15_7) AppleWebKit/605.1.15"
10.0.0.6 - - [15/Jan/2024:10:25:42 +0000] "GET /admin/config HTTP/1.1" 200 3955 "-" "Mozilla/5.0 (Windows NT 10.0; Win64; x64) AppleWebKit/537.36"
10.0.0.4 - - [15/Jan/2024:14:16:59 +0000] "GET /dashboard HTTP/1.1" 200 1895 "-" "Mozilla/5.0 (Windows NT 10.0; Win64; x64) AppleWebKit/537.36"
10.0.0.20 - - [15/Jan/2024:12:25:14 +0000] "GET /static/style.css HTTP/1.1" 200 1032 "-" "Mozilla/5.0 (X11; Linux x86_64) Gecko/20100101 Firefox/118.0"
10.0.0.10 - - [15/Jan/2024:13:18:46 +0000] "GET /admin/config HTTP/1.1" 200 4838 "-" "Mozilla/5.0 (Macintosh; Intel Mac OS X 10_15_7) AppleWebKit/605.1.15"
10.0.0.8 - - [15/Jan/2024:09:06:05 +0000] "GET /products.html HTTP/1.1" 200 4637 "-" "Mozilla/5.0 (X11; Linux x86_64) Gecko/20100101 Firefox/118.0"
10.0.0.2 - - [15/Jan/2024:11:23:49 +0000] "POST /logout HTTP/1.1" 304 4096 "-" "Mozilla/5.0 (X11; Linux x86_64) Gecko/20100101 Firefox/118.0"
10.0.0.2 - - [15/Jan/2024:11:45:41 +0000] "POST /products.html HTTP/1.1" 200 3721 "-" "Mozilla/5.0 (Macintosh; Intel Mac OS X 10_15_7) AppleWebKit/605.1.15"
10.0.0.2 - - [15/Jan/2024:12:56:54 +0000] "POST /api/v1/data HTTP/1.1" 200 995 "-" "Mozilla/5.0 (Windows NT 10.0; Win64; x64) AppleWebKit/537.36"
192.168.99.1 - - [15/Jan/2024:03:49:20 +0000] "POST /login HTTP/1.1" 401 239 "-" "Mozilla/5.0 (Windows NT 10.0; Win64; x64) AppleWebKit/537.36"
10.0.0.11 - - [15/Jan/2024:11:43:14 +0000] "POST /dashboard HTTP/1.1" 200 2841 "-" "Mozilla/5.0 (X11; Linux x86_64) Gecko/20100101 Firefox/118.0"
10.0.0.7 - - [15/Jan/2024:13:10:05 +0000] "POST /contact.html HTTP/1.1" 304 3603 "-" "Mozilla/5.0 (Macintosh; Intel Mac OS X 10_15_7) AppleWebKit/605.1.15"
10.0.0.14 - - [15/Jan/2024:11:08:30 +0000] "GET /about.html HTTP/1.1" 200 4086 "-" "Mozilla/5.0 (X11; Linux x86_64) Gecko/20100101 Firefox/118.0"
192.168.99.1 - - [15/Jan/2024:03:13:50 +0000] "POST /login HTTP/1.1" 401 247 "-" "Mozilla/5.0 (Windows NT 10.0; Win64; x64) AppleWebKit/537.36"
192.168.99.1 - - [15/Jan/2024:03:25:06 +0000] "POST /login HTTP/1.1" 401 247 "-" "Mozilla/5.0 (Windows NT 10.0; Win64; x64) AppleWebKit/537.36"
10.0.0.16 - - [15/Jan/2024:14:13:56 +0000] "GET /static/app.js HTTP/1.1" 200 4731 "-" "Mozilla/5.0 (Windows NT 10.0; Win64; x64) AppleWebKit/537.36"
192.168.99.1 - - [15/Jan/2024:03:43:30 +0000] "POST /login HTTP/1.1" 403 69 "-" "Mozilla/5.0 (Windows NT 10.0; Win64; x64) AppleWebKit/537.36"
10.0.0.7 - - [15/Jan/2024:12:58:22 +0000] "GET /static/app.js HTTP/1.1" 200 2127 "-" "Mozilla/5.0 (X11; Linux x86_64) Gecko/20100101 Firefox/118.0"
10.0.0.19 - - [15/Jan/2024:11:32:42 +0000] "GET /admin/config HTTP/1.1" 304 3216 "-" "Mozilla/5.0 (X11; Linux x86_64) Gecko/20100101 Firefox/118.0"
45.33.32.156 - - [15/Jan/2024:14:00:00 +0000] "GET /api/v1/admin HTTP/1.1" 404 221 "-" "python-requests/2.31.0"
192.168.99.1 - - [15/Jan/2024:03:54:40 +0000] "POST /login HTTP/1.1" 401 262 "-" "Mozilla/5.0 (Windows NT 10.0; Win64; x64) AppleWebKit/537.36"
192.168.99.1 - - [15/Jan/2024:03:21:39 +0000] "POST /login HTTP/1.1" 401 297 "-" "Mozilla/5.0 (Windows NT 10.0; Win64; x64) AppleWebKit/537.36"
45.33.32.156 - - [15/Jan/2024:14:00:03 +0000] "GET /wp-admin HTTP/1.1" 404 736 "-" "python-requests/2.31.0"
10.0.0.5 - - [15/Jan/2024:14:28:40 +0000] "GET /admin/config HTTP/1.1" 200 849 "-" "Mozilla/5.0 (Windows NT 10.0; Win64; x64) AppleWebKit/537.36"
10.0.0.10 - - [15/Jan/2024:09:14:20 +0000] "POST /api/v1/data HTTP/1.1" 304 4024 "-" "Mozilla/5.0 (Windows NT 10.0; Win64; x64) AppleWebKit/537.36"
10.0.0.6 - - [15/Jan/2024:08:40:59 +0000] "GET /index.html HTTP/1.1" 200 3949 "-" "Mozilla/5.0 (X11; Linux x86_64) Gecko/20100101 Firefox/118.0"
10.0.0.16 - - [15/Jan/2024:12:38:16 +0000] "GET /about.html HTTP/1.1" 304 1410 "-" "Mozilla/5.0 (Windows NT 10.0; Win64; x64) AppleWebKit/537.36"
10.0.0.10 - - [15/Jan/2024:15:43:03 +0000] "POST /products.html HTTP/1.1" 200 3309 "-" "Mozilla/5.0 (Windows NT 10.0; Win64; x64) AppleWebKit/537.36"
45.33.32.156 - - [15/Jan/2024:14:03:12 +0000] "GET /cgi-bin/test.cgi HTTP/1.1" 403 941 "-" "sqlmap/1.7.8"
10.0.0.15 - - [15/Jan/2024:09:28:14 +0000] "GET /login HTTP/1.1" 200 716 "-" "Mozilla/5.0 (Windows NT 10.0; Win64; x64) AppleWebKit/537.36"
192.168.99.1 - - [15/Jan/2024:03:54:46 +0000] "POST /login HTTP/1.1" 403 132 "-" "Mozilla/5.0 (Windows NT 10.0; Win64; x64) AppleWebKit/537.36"
10.0.0.2 - - [15/Jan/2024:12:13:42 +0000] "GET /login HTTP/1.1" 304 3839 "-" "Mozilla/5.0 (Windows NT 10.0; Win64; x64) AppleWebKit/537.36"
192.168.99.1 - - [15/Jan/2024:03:49:10 +0000] "POST /login HTTP/1.1" 401 261 "-" "Mozilla/5.0 (Windows NT 10.0; Win64; x64) AppleWebKit/537.36"
10.0.0.18 - - [15/Jan/2024:15:18:54 +0000] "POST /contact.html HTTP/1.1" 304 2633 "-" "Mozilla/5.0 (Windows NT 10.0; Win64; x64) AppleWebKit/537.36"
10.0.0.2 - - [15/Jan/2024:09:57:49 +0000] "GET /index.html HTTP/1.1" 200 4204 "-" "Mozilla/5.0 (X11; Linux x86_64) Gecko/20100101 Firefox/118.0"
10.0.0.6 - - [15/Jan/2024:11:55:50 +0000] "POST /dashboard HTTP/1.1" 200 2519 "-" "Mozilla/5.0 (Windows NT 10.0; Win64; x64) AppleWebKit/537.36"
10.0.0.14 - - [15/Jan/2024:13:04:46 +0000] "POST /logout HTTP/1.1" 200 4380 "-" "Mozilla/5.0 (Windows NT 10.0; Win64; x64) AppleWebKit/537.36"
10.0.0.8 - - [15/Jan/2024:08:51:00 +0000] "GET /dashboard HTTP/1.1" 200 1307 "-" "Mozilla/5.0 (Windows NT 10.0; Win64; x64) AppleWebKit/537.36"
192.168.99.1 - - [15/Jan/2024:03:02:00 +0000] "POST /login HTTP/1.1" 403 249 "-" "Mozilla/5.0 (Windows NT 10.0; Win64; x64) AppleWebKit/537.36"
10.0.0.15 - - [15/Jan/2024:12:47:14 +0000] "GET /index.html HTTP/1.1" 200 1364 "-" "Mozilla/5.0 (X11; Linux x86_64) Gecko/20100101 Firefox/118.0"
192.168.99.1 - - [15/Jan/2024:03:17:03 +0000] "POST /login HTTP/1.1" 401 76 "-" "Mozilla/5.0 (Windows NT 10.0; Win64; x64) AppleWebKit/537.36"
10.0.0.2 - - [15/Jan/2024:10:42:35 +0000] "GET /static/style.css HTTP/1.1" 200 3696 "-" "Mozilla/5.0 (Windows NT 10.0; Win64; x64) AppleWebKit/537.36"
192.168.99.1 - - [15/Jan/2024:03:39:54 +0000] "POST /login HTTP/1.1" 401 77 "-" "Mozilla/5.0 (Windows NT 10.0; Win64; x64) AppleWebKit/537.36"
10.0.0.15 - - [15/Jan/2024:15:33:30 +0000] "GET /admin/config HTTP/1.1" 200 616 "-" "Mozilla/5.0 (Windows NT 10.0; Win64; x64) AppleWebKit/537.36"
10.0.0.12 - - [15/Jan/2024:08:08:06 +0000] "POST /products.html HTTP/1.1" 200 2273 "-" "Mozilla/5.0 (Windows NT 10.0; Win64; x64) AppleWebKit/537.36"
10.0.0.4 - - [15/Jan/2024:11:00:01 +0000] "GET /static/app.js HTTP/1.1" 304 521 "-" "Mozilla/5.0 (Macintosh; Intel Mac OS X 10_15_7) AppleWebKit/605.1.15"
10.0.0.16 - - [15/Jan/2024:11:41:57 +0000] "GET /static/style.css HTTP/1.1" 304 1448 "-" "Mozilla/5.0 (Windows NT 10.0; Win64; x64) AppleWebKit/537.36"
10.0.0.4 - - [15/Jan/2024:08:25:05 +0000] "GET /dashboard HTTP/1.1" 200 3715 "-" "Mozilla/5.0 (Windows NT 10.0; Win64; x64) AppleWebKit/537.36"
10.0.0.8 - - [15/Jan/2024:10:41:47 +0000] "GET /api/v1/data HTTP/1.1" 200 4475 "-" "Mozilla/5.0 (X11; Linux x86_64) Gecko/20100101 Firefox/118.0"
10.0.0.1 - - [15/Jan/2024:15:25:53 +0000] "GET /admin/config HTTP/1.1" 200 3570 "-" "Mozilla/5.0 (Windows NT 10.0; Win64; x64) AppleWebKit/537.36"
192.168.99.1 - - [15/Jan/2024:03:12:51 +0000] "POST /login HTTP/1.1" 403 257 "-" "Mozilla/5.0 (Windows NT 10.0; Win64; x64) AppleWebKit/537.36"
10.0.0.15 - - [15/Jan/2024:09:31:51 +0000] "GET /logout HTTP/1.1" 200 4791 "-" "Mozilla/5.0 (Windows NT 10.0; Win64; x64) AppleWebKit/537.36"
10.0.0.7 - - [15/Jan/2024:10:30:32 +0000] "GET /admin/config HTTP/1.1" 200 3534 "-" "Mozilla/5.0 (X11; Linux x86_64) Gecko/20100101 Firefox/118.0"
10.0.0.18 - - [15/Jan/2024:11:51:01 +0000] "GET /dashboard HTTP/1.1" 200 1883 "-" "Mozilla/5.0 (Macintosh; Intel Mac OS X 10_15_7) AppleWebKit/605.1.15"
10.0.0.8 - - [15/Jan/2024:12:18:08 +0000] "GET /static/style.css HTTP/1.1" 200 3631 "-" "Mozilla/5.0 (Windows NT 10.0; Win64; x64) AppleWebKit/537.36"
45.33.32.156 - - [15/Jan/2024:14:03:39 +0000] "GET /backup.zip HTTP/1.1" 404 435 "-" "sqlmap/1.7.8"
10.0.0.13 - - [15/Jan/2024:13:07:35 +0000] "GET /api/v1/data HTTP/1.1" 200 2219 "-" "Mozilla/5.0 (Windows NT 10.0; Win64; x64) AppleWebKit/537.36"
10.0.0.2 - - [15/Jan/2024:15:21:39 +0000] "GET /static/style.css HTTP/1.1" 200 4719 "-" "Mozilla/5.0 (Macintosh; Intel Mac OS X 10_15_7) AppleWebKit/605.1.15"
10.0.0.15 - - [15/Jan/2024:14:49:51 +0000] "POST /logout HTTP/1.1" 200 335 "-" "Mozilla/5.0 (Macintosh; Intel Mac OS X 10_15_7) AppleWebKit/605.1.15"
10.0.0.12 - - [15/Jan/2024:11:22:10 +0000] "GET /products.html HTTP/1.1" 200 684 "-" "Mozilla/5.0 (X11; Linux x86_64) Gecko/20100101 Firefox/118.0"
10.0.0.16 - - [15/Jan/2024:09:12:56 +0000] "GET /contact.html HTTP/1.1" 200 3160 "-" "Mozilla/5.0 (X11; Linux x86_64) Gecko/20100101 Firefox/118.0"
10.0.0.19 - - [15/Jan/2024:10:05:40 +0000] "GET /products.html HTTP/1.1" 200 582 "-" "Mozilla/5.0 (X11; Linux x86_64) Gecko/20100101 Firefox/118.0"
172.16.0.55 - - [15/Jan/2024:22:34:40 +0000] "GET /api/v1/data HTTP/1.1" 200 553383 "-" "Mozilla/5.0 (X11; Linux x86_64) Gecko/20100101 Firefox/118.0"
10.0.0.12 - - [15/Jan/2024:08:54:15 +0000] "GET /login HTTP/1.1" 200 1654 "-" "Mozilla/5.0 (Macintosh; Intel Mac OS X 10_15_7) AppleWebKit/605.1.15"
10.0.0.17 - - [15/Jan/2024:08:31:03 +0000] "GET /about.html HTTP/1.1" 200 2026 "-" "Mozilla/5.0 (Windows NT 10.0; Win64; x64) AppleWebKit/537.36"
10.0.0.11 - - [15/Jan/2024:14:05:45 +0000] "GET /products.html HTTP/1.1" 200 2557 "-" "Mozilla/5.0 (X11; Linux x86_64) Gecko/20100101 Firefox/118.0"
192.168.99.1 - - [15/Jan/2024:03:07:34 +0000] "POST /login HTTP/1.1" 403 270 "-" "Mozilla/5.0 (Windows NT 10.0; Win64; x64) AppleWebKit/537.36"
10.0.0.8 - - [15/Jan/2024:11:59:43 +0000] "GET /login HTTP/1.1" 200 1247 "-" "Mozilla/5.0 (Windows NT 10.0; Win64; x64) AppleWebKit/537.36"
10.0.0.18 - - [15/Jan/2024:14:35:51 +0000] "POST /products.html HTTP/1.1" 200 3218 "-" "Mozilla/5.0 (X11; Linux x86_64) Gecko/20100101 Firefox/118.0"
192.168.99.1 - - [15/Jan/2024:03:47:37 +0000] "POST /login HTTP/1.1" 401 201 "-" "Mozilla/5.0 (Windows NT 10.0; Win64; x64) AppleWebKit/537.36"
10.0.0.15 - - [15/Jan/2024:12:13:56 +0000] "GET /static/style.css HTTP/1.1" 200 1490 "-" "Mozilla/5.0 (X11; Linux x86_64) Gecko/20100101 Firefox/118.0"
10.0.0.2 - - [15/Jan/2024:12:30:40 +0000] "GET /api/v1/data HTTP/1.1" 200 3510 "-" "Mozilla/5.0 (Macintosh; Intel Mac OS X 10_15_7) AppleWebKit/605.1.15"
192.168.99.1 - - [15/Jan/2024:03:55:05 +0000] "POST /login HTTP/1.1" 401 184 "-" "Mozilla/5.0 (Windows NT 10.0; Win64; x64) AppleWebKit/537.36"
10.0.0.7 - - [15/Jan/2024:12:52:31 +0000] "GET /index.html HTTP/1.1" 200 423 "-" "Mozilla/5.0 (X11; Linux x86_64) Gecko/20100101 Firefox/118.0"
10.0.0.12 - - [15/Jan/2024:10:13:24 +0000] "GET /api/v1/users HTTP/1.1" 200 2578 "-" "Mozilla/5.0 (X11; Linux x86_64) Gecko/20100101 Firefox/118.0"
45.33.32.156 - - [15/Jan/2024:14:02:48 +0000] "GET /cgi-bin/test.cgi HTTP/1.1" 404 938 "-" "sqlmap/1.7.8"
10.0.0.15 - - [15/Jan/2024:09:06:42 +0000] "GET /about.html HTTP/1.1" 200 274 "-" "Mozilla/5.0 (X11; Linux x86_64) Gecko/20100101 Firefox/118.0"
10.0.0.16 - - [15/Jan/2024:08:49:49 +0000] "GET /api/v1/data HTTP/1.1" 200 956 "-" "Mozilla/5.0 (X11; Linux x86_64) Gecko/20100101 Firefox/118.0"
45.33.32.156 - - [15/Jan/2024:14:00:54 +0000] "GET /cgi-bin/test.cgi HTTP/1.1" 403 419 "-" "Nikto/2.1.6"
192.168.99.1 - - [15/Jan/2024:03:20:24 +0000] "POST /login HTTP/1.1" 401 94 "-" "Mozilla/5.0 (Windows NT 10.0; Win64; x64) AppleWebKit/537.36"
10.0.0.1 - - [15/Jan/2024:13:08:13 +0000] "GET /about.html HTTP/1.1" 200 1588 "-" "Mozilla/5.0 (Macintosh; Intel Mac OS X 10_15_7) AppleWebKit/605.1.15"
10.0.0.18 - - [15/Jan/2024:13:00:22 +0000] "GET /api/v1/users HTTP/1.1" 304 1526 "-" "Mozilla/5.0 (X11; Linux x86_64) Gecko/20100101 Firefox/118.0"
10.0.0.20 - - [15/Jan/2024:12:03:48 +0000] "GET /dashboard HTTP/1.1" 200 3395 "-" "Mozilla/5.0 (Windows NT 10.0; Win64; x64) AppleWebKit/537.36"
10.0.0.9 - - [15/Jan/2024:09:26:49 +0000] "GET /about.html HTTP/1.1" 200 1455 "-" "Mozilla/5.0 (Macintosh; Intel Mac OS X 10_15_7) AppleWebKit/605.1.15"
45.33.32.156 - - [15/Jan/2024:14:01:36 +0000] "GET /config.php HTTP/1.1" 404 130 "-" "sqlmap/1.7.8"
10.0.0.2 - - [15/Jan/2024:12:46:08 +0000] "GET /about.html HTTP/1.1" 200 1226 "-" "Mozilla/5.0 (Macintosh; Intel Mac OS X 10_15_7) AppleWebKit/605.1.15"
10.0.0.14 - - [15/Jan/2024:14:58:56 +0000] "GET /static/app.js HTTP/1.1" 200 4504 "-" "Mozilla/5.0 (X11; Linux x86_64) Gecko/20100101 Firefox/118.0"
10.0.0.9 - - [15/Jan/2024:13:54:03 +0000] "GET /admin/config HTTP/1.1" 200 2516 "-" "Mozilla/5.0 (Macintosh; Intel Mac OS X 10_15_7) AppleWebKit/605.1.15"
10.0.0.10 - - [15/Jan/2024:10:09:22 +0000] "POST /contact.html HTTP/1.1" 200 2354 "-" "Mozilla/5.0 (Macintosh; Intel Mac OS X 10_15_7) AppleWebKit/605.1.15"
10.0.0.19 - - [15/Jan/2024:12:58:54 +0000] "POST /contact.html HTTP/1.1" 304 496 "-" "Mozilla/5.0 (Macintosh; Intel Mac OS X 10_15_7) AppleWebKit/605.1.15"
10.0.0.7 - - [15/Jan/2024:08:04:11 +0000] "GET /api/v1/users HTTP/1.1" 200 2471 "-" "Mozilla/5.0 (Macintosh; Intel Mac OS X 10_15_7) AppleWebKit/605.1.15"
10.0.0.8 - - [15/Jan/2024:08:16:51 +0000] "GET /api/v1/users HTTP/1.1" 200 2464 "-" "Mozilla/5.0 (X11; Linux x86_64) Gecko/20100101 Firefox/118.0"
10.0.0.18 - - [15/Jan/2024:11:27:38 +0000] "GET /admin/config HTTP/1.1" 200 3001 "-" "Mozilla/5.0 (X11; Linux x86_64) Gecko/20100101 Firefox/118.0"
10.0.0.16 - - [15/Jan/2024:08:40:51 +0000] "GET /api/v1/users HTTP/1.1" 200 757 "-" "Mozilla/5.0 (Macintosh; Intel Mac OS X 10_15_7) AppleWebKit/605.1.15"
192.168.99.1 - - [15/Jan/2024:03:28:11 +0000] "POST /login HTTP/1.1" 403 145 "-" "Mozilla/5.0 (Windows NT 10.0; Win64; x64) AppleWebKit/537.36"
10.0.0.7 - - [15/Jan/2024:08:12:55 +0000] "GET /static/app.js HTTP/1.1" 200 2386 "-" "Mozilla/5.0 (Windows NT 10.0; Win64; x64) AppleWebKit/537.36"
10.0.0.11 - - [15/Jan/2024:08:27:37 +0000] "GET /products.html HTTP/1.1" 200 662 "-" "Mozilla/5.0 (Windows NT 10.0; Win64; x64) AppleWebKit/537.36"
10.0.0.8 - - [15/Jan/2024:11:49:06 +0000] "POST /static/style.css HTTP/1.1" 200 1407 "-" "Mozilla/5.0 (Windows NT 10.0; Win64; x64) AppleWebKit/537.36"
192.168.99.1 - - [15/Jan/2024:03:31:37 +0000] "POST /login HTTP/1.1" 401 80 "-" "Mozilla/5.0 (Windows NT 10.0; Win64; x64) AppleWebKit/537.36"
192.168.99.1 - - [15/Jan/2024:03:13:20 +0000] "POST /login HTTP/1.1" 403 189 "-" "Mozilla/5.0 (Windows NT 10.0; Win64; x64) AppleWebKit/537.36"
10.0.0.14 - - [15/Jan/2024:15:27:15 +0000] "GET /dashboard HTTP/1.1" 200 2082 "-" "Mozilla/5.0 (Macintosh; Intel Mac OS X 10_15_7) AppleWebKit/605.1.15"
192.168.99.1 - - [15/Jan/2024:03:48:19 +0000] "POST /login HTTP/1.1" 401 52 "-" "Mozilla/5.0 (Windows NT 10.0; Win64; x64) AppleWebKit/537.36"
10.0.0.18 - - [15/Jan/2024:10:36:03 +0000] "GET /index.html HTTP/1.1" 200 3096 "-" "Mozilla/5.0 (Macintosh; Intel Mac OS X 10_15_7) AppleWebKit/605.1.15"
192.168.99.1 - - [15/Jan/2024:03:30:57 +0000] "POST /login HTTP/1.1" 403 64 "-" "Mozilla/5.0 (Windows NT 10.0; Win64; x64) AppleWebKit/537.36"
10.0.0.6 - - [15/Jan/2024:10:47:33 +0000] "POST /static/app.js HTTP/1.1" 304 2647 "-" "Mozilla/5.0 (X11; Linux x86_64) Gecko/20100101 Firefox/118.0"
10.0.0.10 - - [15/Jan/2024:11:11:02 +0000] "GET /dashboard HTTP/1.1" 200 794 "-" "Mozilla/5.0 (X11; Linux x86_64) Gecko/20100101 Firefox/118.0"
192.168.99.1 - - [15/Jan/2024:03:34:06 +0000] "POST /login HTTP/1.1" 403 92 "-" "Mozilla/5.0 (Windows NT 10.0; Win64; x64) AppleWebKit/537.36"
10.0.0.11 - - [15/Jan/2024:09:16:20 +0000] "GET /logout HTTP/1.1" 200 2551 "-" "Mozilla/5.0 (X11; Linux x86_64) Gecko/20100101 Firefox/118.0"
192.168.99.1 - - [15/Jan/2024:03:48:44 +0000] "POST /login HTTP/1.1" 403 157 "-" "Mozilla/5.0 (Windows NT 10.0; Win64; x64) AppleWebKit/537.36"
10.0.0.18 - - [15/Jan/2024:10:32:22 +0000] "GET /api/v1/users HTTP/1.1" 304 2467 "-" "Mozilla/5.0 (Macintosh; Intel Mac OS X 10_15_7) AppleWebKit/605.1.15"
10.0.0.4 - - [15/Jan/2024:10:02:42 +0000] "GET /static/style.css HTTP/1.1" 200 4182 "-" "Mozilla/5.0 (Windows NT 10.0; Win64; x64) AppleWebKit/537.36"
10.0.0.16 - - [15/Jan/2024:13:48:21 +0000] "GET /about.html HTTP/1.1" 200 4021 "-" "Mozilla/5.0 (Macintosh; Intel Mac OS X 10_15_7) AppleWebKit/605.1.15"
45.33.32.156 - - [15/Jan/2024:14:03:15 +0000] "GET /api/v1/admin HTTP/1.1" 403 907 "-" "sqlmap/1.7.8"
10.0.0.14 - - [15/Jan/2024:13:16:17 +0000] "GET /api/v1/users HTTP/1.1" 200 3211 "-" "Mozilla/5.0 (Windows NT 10.0; Win64; x64) AppleWebKit/537.36"
10.0.0.20 - - [15/Jan/2024:13:30:30 +0000] "GET /logout HTTP/1.1" 404 342 "-" "Mozilla/5.0 (Macintosh; Intel Mac OS X 10_15_7) AppleWebKit/605.1.15"
10.0.0.16 - - [15/Jan/2024:13:01:50 +0000] "GET /index.html HTTP/1.1" 200 4194 "-" "Mozilla/5.0 (Windows NT 10.0; Win64; x64) AppleWebKit/537.36"
10.0.0.2 - - [15/Jan/2024:08:24:45 +0000] "GET /api/v1/users HTTP/1.1" 200 4503 "-" "Mozilla/5.0 (Windows NT 10.0; Win64; x64) AppleWebKit/537.36"
10.0.0.19 - - [15/Jan/2024:14:47:58 +0000] "POST /static/app.js HTTP/1.1" 200 1233 "-" "Mozilla/5.0 (Windows NT 10.0; Win64; x64) AppleWebKit/537.36"
10.0.0.18 - - [15/Jan/2024:11:09:37 +0000] "GET /static/app.js HTTP/1.1" 200 2895 "-" "Mozilla/5.0 (X11; Linux x86_64) Gecko/20100101 Firefox/118.0"
10.0.0.17 - - [15/Jan/2024:15:10:11 +0000] "GET /api/v1/users HTTP/1.1" 200 4908 "-" "Mozilla/5.0 (Macintosh; Intel Mac OS X 10_15_7) AppleWebKit/605.1.15"
10.0.0.3 - - [15/Jan/2024:10:05:01 +0000] "GET /index.html HTTP/1.1" 200 2381 "-" "Mozilla/5.0 (Windows NT 10.0; Win64; x64) AppleWebKit/537.36"
10.0.0.12 - - [15/Jan/2024:15:13:27 +0000] "GET /login HTTP/1.1" 200 1237 "-" "Mozilla/5.0 (Windows NT 10.0; Win64; x64) AppleWebKit/537.36"
10.0.0.7 - - [15/Jan/2024:13:41:36 +0000] "GET /api/v1/users HTTP/1.1" 200 4621 "-" "Mozilla/5.0 (Windows NT 10.0; Win64; x64) AppleWebKit/537.36"
10.0.0.12 - - [15/Jan/2024:15:05:10 +0000] "GET /api/v1/data HTTP/1.1" 304 1356 "-" "Mozilla/5.0 (Windows NT 10.0; Win64; x64) AppleWebKit/537.36"
172.16.0.55 - - [15/Jan/2024:22:33:00 +0000] "GET /api/v1/data HTTP/1.1" 200 1347455 "-" "Mozilla/5.0 (X11; Linux x86_64) Gecko/20100101 Firefox/118.0"
10.0.0.9 - - [15/Jan/2024:13:29:42 +0000] "GET /index.html HTTP/1.1" 200 4812 "-" "Mozilla/5.0 (X11; Linux x86_64) Gecko/20100101 Firefox/118.0"
10.0.0.5 - - [15/Jan/2024:14:25:26 +0000] "GET /login HTTP/1.1" 200 4018 "-" "Mozilla/5.0 (X11; Linux x86_64) Gecko/20100101 Firefox/118.0"
10.0.0.10 - - [15/Jan/2024:14:29:21 +0000] "GET /static/app.js HTTP/1.1" 200 3798 "-" "Mozilla/5.0 (X11; Linux x86_64) Gecko/20100101 Firefox/118.0"
45.33.32.156 - - [15/Jan/2024:14:03:18 +0000] "GET /wp-admin HTTP/1.1" 403 445 "-" "Nikto/2.1.6"
10.0.0.10 - - [15/Jan/2024:10:45:57 +0000] "GET /products.html HTTP/1.1" 200 2739 "-" "Mozilla/5.0 (X11; Linux x86_64) Gecko/20100101 Firefox/118.0"
45.33.32.156 - - [15/Jan/2024:14:00:36 +0000] "GET /api/v1/admin HTTP/1.1" 404 678 "-" "sqlmap/1.7.8"
10.0.0.18 - - [15/Jan/2024:13:49:31 +0000] "GET /products.html HTTP/1.1" 304 1976 "-" "Mozilla/5.0 (Windows NT 10.0; Win64; x64) AppleWebKit/537.36"
172.16.0.55 - - [15/Jan/2024:22:38:40 +0000] "GET /api/v1/data HTTP/1.1" 200 898280 "-" "Mozilla/5.0 (X11; Linux x86_64) Gecko/20100101 Firefox/118.0"
10.0.0.8 - - [15/Jan/2024:09:09:32 +0000] "GET /index.html HTTP/1.1" 404 4560 "-" "Mozilla/5.0 (Macintosh; Intel Mac OS X 10_15_7) AppleWebKit/605.1.15"
45.33.32.156 - - [15/Jan/2024:14:01:06 +0000] "GET /wp-admin HTTP/1.1" 403 457 "-" "sqlmap/1.7.8"
192.168.99.1 - - [15/Jan/2024:03:23:15 +0000] "POST /login HTTP/1.1" 403 285 "-" "Mozilla/5.0 (Windows NT 10.0; Win64; x64) AppleWebKit/537.36"
45.33.32.156 - - [15/Jan/2024:14:02:27 +0000] "GET /config.php HTTP/1.1" 200 536 "-" "sqlmap/1.7.8"
10.0.0.15 - - [15/Jan/2024:14:31:03 +0000] "GET /index.html HTTP/1.1" 200 443 "-" "Mozilla/5.0 (Windows NT 10.0; Win64; x64) AppleWebKit/537.36"
10.0.0.5 - - [15/Jan/2024:08:38:00 +0000] "GET /admin/config HTTP/1.1" 200 1862 "-" "Mozilla/5.0 (X11; Linux x86_64) Gecko/20100101 Firefox/118.0"
10.0.0.18 - - [15/Jan/2024:10:49:04 +0000] "GET /static/app.js HTTP/1.1" 304 4412 "-" "Mozilla/5.0 (X11; Linux x86_64) Gecko/20100101 Firefox/118.0"
10.0.0.9 - - [15/Jan/2024:14:34:24 +0000] "GET /login HTTP/1.1" 200 3627 "-" "Mozilla/5.0 (X11; Linux x86_64) Gecko/20100101 Firefox/118.0"
10.0.0.13 - - [15/Jan/2024:13:19:14 +0000] "GET /dashboard HTTP/1.1" 200 3962 "-" "Mozilla/5.0 (Windows NT 10.0; Win64; x64) AppleWebKit/537.36"
45.33.32.156 - - [15/Jan/2024:14:01:57 +0000] "GET /wp-admin HTTP/1.1" 200 619 "-" "sqlmap/1.7.8"
10.0.0.8 - - [15/Jan/2024:13:38:26 +0000] "POST /static/style.css HTTP/1.1" 200 2180 "-" "Mozilla/5.0 (Macintosh; Intel Mac OS X 10_15_7) AppleWebKit/605.1.15"
10.0.0.11 - - [15/Jan/2024:11:31:09 +0000] "GET /contact.html HTTP/1.1" 200 4353 "-" "Mozilla/5.0 (Macintosh; Intel Mac OS X 10_15_7) AppleWebKit/605.1.15"
10.0.0.8 - - [15/Jan/2024:08:50:05 +0000] "GET /static/style.css HTTP/1.1" 304 536 "-" "Mozilla/5.0 (Macintosh; Intel Mac OS X 10_15_7) AppleWebKit/605.1.15"
192.168.99.1 - - [15/Jan/2024:03:52:35 +0000] "POST /login HTTP/1.1" 401 128 "-" "Mozilla/5.0 (Windows NT 10.0; Win64; x64) AppleWebKit/537.36"
10.0.0.20 - - [15/Jan/2024:08:59:12 +0000] "GET /static/app.js HTTP/1.1" 200 3674 "-" "Mozilla/5.0 (Macintosh; Intel Mac OS X 10_15_7) AppleWebKit/605.1.15"
10.0.0.17 - - [15/Jan/2024:12:49:54 +0000] "GET /api/v1/users HTTP/1.1" 200 2517 "-" "Mozilla/5.0 (Macintosh; Intel Mac OS X 10_15_7) AppleWebKit/605.1.15"
10.0.0.10 - - [15/Jan/2024:14:31:21 +0000] "GET /login HTTP/1.1" 200 3968 "-" "Mozilla/5.0 (Macintosh; Intel Mac OS X 10_15_7) AppleWebKit/605.1.15"
192.168.99.1 - - [15/Jan/2024:03:46:38 +0000] "POST /login HTTP/1.1" 401 140 "-" "Mozilla/5.0 (Windows NT 10.0; Win64; x64) AppleWebKit/537.36"
192.168.99.1 - - [15/Jan/2024:03:15:48 +0000] "POST /login HTTP/1.1" 403 183 "-" "Mozilla/5.0 (Windows NT 10.0; Win64; x64) AppleWebKit/537.36"
10.0.0.20 - - [15/Jan/2024:10:32:43 +0000] "GET /admin/config HTTP/1.1" 200 1665 "-" "Mozilla/5.0 (X11; Linux x86_64) Gecko/20100101 Firefox/118.0"
10.0.0.12 - - [15/Jan/2024:12:58:20 +0000] "GET /dashboard HTTP/1.1" 200 2119 "-" "Mozilla/5.0 (Windows NT 10.0; Win64; x64) AppleWebKit/537.36"
192.168.99.1 - - [15/Jan/2024:03:10:14 +0000] "POST /login HTTP/1.1" 401 295 "-" "Mozilla/5.0 (Windows NT 10.0; Win64; x64) AppleWebKit/537.36"
10.0.0.13 - - [15/Jan/2024:08:28:16 +0000] "GET /dashboard HTTP/1.1" 200 3616 "-" "Mozilla/5.0 (Windows NT 10.0; Win64; x64) AppleWebKit/537.36"
10.0.0.18 - - [15/Jan/2024:13:01:25 +0000] "GET /static/app.js HTTP/1.1" 304 2056 "-" "Mozilla/5.0 (Windows NT 10.0; Win64; x64) AppleWebKit/537.36"
192.168.99.1 - - [15/Jan/2024:03:19:54 +0000] "POST /login HTTP/1.1" 401 130 "-" "Mozilla/5.0 (Windows NT 10.0; Win64; x64) AppleWebKit/537.36"
10.0.0.8 - - [15/Jan/2024:10:17:27 +0000] "GET /admin/config HTTP/1.1" 200 3850 "-" "Mozilla/5.0 (Windows NT 10.0; Win64; x64) AppleWebKit/537.36"
10.0.0.14 - - [15/Jan/2024:11:18:54 +0000] "GET /about.html HTTP/1.1" 200 1120 "-" "Mozilla/5.0 (X11; Linux x86_64) Gecko/20100101 Firefox/118.0"
45.33.32.156 - - [15/Jan/2024:14:02:12 +0000] "GET /backup.zip HTTP/1.1" 404 951 "-" "sqlmap/1.7.8"
172.16.0.55 - - [15/Jan/2024:22:35:00 +0000] "GET /api/v1/data HTTP/1.1" 200 1874474 "-" "Mozilla/5.0 (X11; Linux x86_64) Gecko/20100101 Firefox/118.0"
10.0.0.5 - - [15/Jan/2024:14:47:34 +0000] "GET /about.html HTTP/1.1" 200 2884 "-" "Mozilla/5.0 (Macintosh; Intel Mac OS X 10_15_7) AppleWebKit/605.1.15"
10.0.0.14 - - [15/Jan/2024:14:48:13 +0000] "GET /contact.html HTTP/1.1" 200 3097 "-" "Mozilla/5.0 (X11; Linux x86_64) Gecko/20100101 Firefox/118.0"
192.168.99.1 - - [15/Jan/2024:03:01:29 +0000] "POST /login HTTP/1.1" 200 100 "-" "Mozilla/5.0 (Windows NT 10.0; Win64; x64) AppleWebKit/537.36"
192.168.99.1 - - [15/Jan/2024:03:19:06 +0000] "POST /login HTTP/1.1" 401 88 "-" "Mozilla/5.0 (Windows NT 10.0; Win64; x64) AppleWebKit/537.36"
10.0.0.4 - - [15/Jan/2024:15:52:33 +0000] "GET /products.html HTTP/1.1" 304 2972 "-" "Mozilla/5.0 (X11; Linux x86_64) Gecko/20100101 Firefox/118.0"
10.0.0.6 - - [15/Jan/2024:10:15:35 +0000] "POST /api/v1/data HTTP/1.1" 200 1405 "-" "Mozilla/5.0 (Windows NT 10.0; Win64; x64) AppleWebKit/537.36"
45.33.32.156 - - [15/Jan/2024:14:01:45 +0000] "GET /.env HTTP/1.1" 404 221 "-" "Nikto/2.1.6"
10.0.0.15 - - [15/Jan/2024:12:20:05 +0000] "POST /api/v1/data HTTP/1.1" 200 4227 "-" "Mozilla/5.0 (Macintosh; Intel Mac OS X 10_15_7) AppleWebKit/605.1.15"
192.168.99.1 - - [15/Jan/2024:03:15:19 +0000] "POST /login HTTP/1.1" 401 156 "-" "Mozilla/5.0 (Windows NT 10.0; Win64; x64) AppleWebKit/537.36"
10.0.0.17 - - [15/Jan/2024:14:17:04 +0000] "GET /contact.html HTTP/1.1" 404 956 "-" "Mozilla/5.0 (Macintosh; Intel Mac OS X 10_15_7) AppleWebKit/605.1.15"
10.0.0.4 - - [15/Jan/2024:09:16:56 +0000] "GET /index.html HTTP/1.1" 304 3525 "-" "Mozilla/5.0 (X11; Linux x86_64) Gecko/20100101 Firefox/118.0"
10.0.0.4 - - [15/Jan/2024:09:43:46 +0000] "GET /admin/config HTTP/1.1" 304 1775 "-" "Mozilla/5.0 (X11; Linux x86_64) Gecko/20100101 Firefox/118.0"
10.0.0.16 - - [15/Jan/2024:08:33:13 +0000] "GET /static/app.js HTTP/1.1" 200 3733 "-" "Mozilla/5.0 (Macintosh; Intel Mac OS X 10_15_7) AppleWebKit/605.1.15"
10.0.0.9 - - [15/Jan/2024:09:24:53 +0000] "POST /api/v1/users HTTP/1.1" 200 1767 "-" "Mozilla/5.0 (Macintosh; Intel Mac OS X 10_15_7) AppleWebKit/605.1.15"
10.0.0.17 - - [15/Jan/2024:11:11:46 +0000] "POST /static/app.js HTTP/1.1" 200 1044 "-" "Mozilla/5.0 (Windows NT 10.0; Win64; x64) AppleWebKit/537.36"
10.0.0.11 - - [15/Jan/2024:11:42:36 +0000] "GET /login HTTP/1.1" 200 3541 "-" "Mozilla/5.0 (Windows NT 10.0; Win64; x64) AppleWebKit/537.36"
10.0.0.11 - - [15/Jan/2024:09:08:26 +0000] "GET /dashboard HTTP/1.1" 200 4338 "-" "Mozilla/5.0 (X11; Linux x86_64) Gecko/20100101 Firefox/118.0"
45.33.32.156 - - [15/Jan/2024:14:01:30 +0000] "GET /admin HTTP/1.1" 404 888 "-" "python-requests/2.31.0"
10.0.0.6 - - [15/Jan/2024:15:20:16 +0000] "GET /about.html HTTP/1.1" 200 1672 "-" "Mozilla/5.0 (Windows NT 10.0; Win64; x64) AppleWebKit/537.36"
192.168.99.1 - - [15/Jan/2024:03:21:10 +0000] "POST /login HTTP/1.1" 403 236 "-" "Mozilla/5.0 (Windows NT 10.0; Win64; x64) AppleWebKit/537.36"
10.0.0.8 - - [15/Jan/2024:10:56:12 +0000] "POST /api/v1/data HTTP/1.1" 304 2152 "-" "Mozilla/5.0 (Windows NT 10.0; Win64; x64) AppleWebKit/537.36"
45.33.32.156 - - [15/Jan/2024:14:02:30 +0000] "GET /api/v1/admin HTTP/1.1" 200 887 "-" "sqlmap/1.7.8"
10.0.0.5 - - [15/Jan/2024:08:17:00 +0000] "GET /logout HTTP/1.1" 200 2033 "-" "Mozilla/5.0 (Windows NT 10.0; Win64; x64) AppleWebKit/537.36"
10.0.0.1 - - [15/Jan/2024:12:26:50 +0000] "GET /about.html HTTP/1.1" 304 2061 "-" "Mozilla/5.0 (Macintosh; Intel Mac OS X 10_15_7) AppleWebKit/605.1.15"
10.0.0.2 - - [15/Jan/2024:09:12:51 +0000] "POST /api/v1/data HTTP/1.1" 200 1534 "-" "Mozilla/5.0 (X11; Linux x86_64) Gecko/20100101 Firefox/118.0"
192.168.99.1 - - [15/Jan/2024:03:06:10 +0000] "POST /login HTTP/1.1" 401 225 "-" "Mozilla/5.0 (Windows NT 10.0; Win64; x64) AppleWebKit/537.36"
10.0.0.11 - - [15/Jan/2024:15:08:24 +0000] "GET /static/app.js HTTP/1.1" 200 793 "-" "Mozilla/5.0 (Macintosh; Intel Mac OS X 10_15_7) AppleWebKit/605.1.15"
10.0.0.17 - - [15/Jan/2024:13:31:04 +0000] "GET /about.html HTTP/1.1" 304 2186 "-" "Mozilla/5.0 (Windows NT 10.0; Win64; x64) AppleWebKit/537.36"
10.0.0.3 - - [15/Jan/2024:14:50:52 +0000] "GET /logout HTTP/1.1" 200 1631 "-" "Mozilla/5.0 (X11; Linux x86_64) Gecko/20100101 Firefox/118.0"
192.168.99.1 - - [15/Jan/2024:03:41:53 +0000] "POST /login HTTP/1.1" 403 107 "-" "Mozilla/5.0 (Windows NT 10.0; Win64; x64) AppleWebKit/537.36"
10.0.0.18 - - [15/Jan/2024:08:33:17 +0000] "GET /logout HTTP/1.1" 200 4653 "-" "Mozilla/5.0 (Macintosh; Intel Mac OS X 10_15_7) AppleWebKit/605.1.15"
10.0.0.3 - - [15/Jan/2024:08:41:14 +0000] "POST /static/app.js HTTP/1.1" 200 3123 "-" "Mozilla/5.0 (X11; Linux x86_64) Gecko/20100101 Firefox/118.0"
10.0.0.4 - - [15/Jan/2024:10:09:02 +0000] "GET /contact.html HTTP/1.1" 200 1352 "-" "Mozilla/5.0 (X11; Linux x86_64) Gecko/20100101 Firefox/118.0"
10.0.0.7 - - [15/Jan/2024:10:01:28 +0000] "GET /static/style.css HTTP/1.1" 200 1926 "-" "Mozilla/5.0 (Windows NT 10.0; Win64; x64) AppleWebKit/537.36"
45.33.32.156 - - [15/Jan/2024:14:03:48 +0000] "GET /api/v1/admin HTTP/1.1" 404 658 "-" "python-requests/2.31.0"
10.0.0.14 - - [15/Jan/2024:09:35:36 +0000] "GET /contact.html HTTP/1.1" 404 4158 "-" "Mozilla/5.0 (Macintosh; Intel Mac OS X 10_15_7) AppleWebKit/605.1.15"
192.168.99.1 - - [15/Jan/2024:03:00:07 +0000] "POST /login HTTP/1.1" 403 292 "-" "Mozilla/5.0 (Windows NT 10.0; Win64; x64) AppleWebKit/537.36"
10.0.0.3 - - [15/Jan/2024:11:08:09 +0000] "GET /login HTTP/1.1" 304 3967 "-" "Mozilla/5.0 (Windows NT 10.0; Win64; x64) AppleWebKit/537.36"
172.16.0.55 - - [15/Jan/2024:22:33:40 +0000] "GET /api/v1/data HTTP/1.1" 200 1170219 "-" "Mozilla/5.0 (X11; Linux x86_64) Gecko/20100101 Firefox/118.0"
