45.33.32.156 - - [15/Jan/2024:14:02:51 +0000] "GET /admin HTTP/1.1" 404 212 "-" "Nikto/2.1.6"
192.168.99.1 - - [15/Jan/2024:03:31:17 +0000] "POST /login HTTP/1.1" 200 71 "-" "Mozilla/5.0 (Windows NT 10.0; Win64; x64) AppleWebKit/537.36"
45.33.32.156 - - [15/Jan/2024:14:00:39 +0000] "GET /admin HTTP/1.1" 404 719 "-" "Nikto/2.1.6"
10.0.0.2 - - [15/Jan/2024:13:22:59 +0000] "POST /api/v1/data HTTP/1.1" 200 3802 "-" "Mozilla/5.0 (Macintosh; Intel Mac OS X 10_15_7) AppleWebKit/605.1.15"
192.168.99.1 - - [15/Jan/2024:03:50:18 +0000] "POST /login HTTP/1.1" 401 292 "-" "Mozilla/5.0 (Windows NT 10.0; Win64; x64) AppleWebKit/537.36"
10.0.0.15 - - [15/Jan/2024:10:41:03 +0000] "POST /login HTTP/1.1" 200 1037 "-" "Mozilla/5.0 (X11; Linux x86_64) Gecko/20100101 Firefox/118.0"
10.0.0.6 - - [15/Jan/2024:08:13:32 +0000] "GET /admin/config HTTP/1.1" 200 2132 "-" "Mozilla/5.0 (Macintosh; Intel Mac OS X 10_15_7) AppleWebKit/605.1.15"
10.0.0.13 - - [15/Jan/2024:14:55:43 +0000] "GET /api/v1/users HTTP/1.1" 200 3952 "-" "Mozilla/5.0 (Windows NT 10.0; Win64; x64) AppleWebKit/537.36"
10.0.0.9 - - [15/Jan/2024:14:22:00 +0000] "GET /api/v1/data HTTP/1.1" 200 1038 "-" "Mozilla/5.0 (X11; Linux x86_64) Gecko/20100101 Firefox/118.0"
10.0.0.17 - - [15/Jan/2024:12:32:07 +0000] "GET /static/style.css HTTP/1.1" 304 289 "-" "Mozilla/5.0 (Macintosh; Intel Mac OS X 10_15_7) AppleWebKit/605.1.15"
10.0.0.2 - - [15/Jan/2024:10:39:03 +0000] "GET /products.html HTTP/1.1" 200 3819 "-" "Mozilla/5.0 (X11; Linux x86_64) Gecko/20100101 Firefox/118.0"
10.0.0.8 - - [15/Jan/2024:15:15:50 +0000] "GET /admin/config HTTP/1.1" 200 3212 "-" "Mozilla/5.0 (Windows NT 10.0; Win64; x64) AppleWebKit/537.36"
10.0.0.16 - - [15/Jan/2024:09:24:30 +0000] "GET /products.html HTTP/1.1" 200 3111 "-" "Mozilla/5.0 (X11; Linux x86_64) Gecko/20100101 Firefox/118.0"
10.0.0.10 - - [15/Jan/2024:14:33:04 +0000] "GET /login HTTP/1.1" 200 3396 "-" "Mozilla/5.0 (Macintosh; Intel Mac OS X 10_15_7) AppleWebKit/605.1.15"
10.0.0.16 - - [15/Jan/2024:15:21:36 +0000] "GET /products.html HTTP/1.1" 200 3709 "-" "Mozilla/5.0 (X11; Linux x86_64) Gecko/20100101 Firefox/118.0"
10.0.0.6 - - [15/Jan/2024:13:33:18 +0000] "GET /static/style.css HTTP/1.1" 200 1340 "-" "Mozilla/5.0 (X11; Linux x86_64) Gecko/20100101 Firefox/118.0"
10.0.0.20 - - [15/Jan/2024:13:48:28 +0000] "POST /about.html HTTP/1.1" 304 3058 "-" "Mozilla/5.0 (Windows NT 10.0; Win64; x64) AppleWebKit/537.36"
45.33.32.156 - - [15/Jan/2024:14:03:36 +0000] "GET /backup.zip HTTP/1.1" 404 362 "-" "python-requests/2.31.0"
10.0.0.19 - - [15/Jan/2024:08:42:39 +0000] "GET /about.html HTTP/1.1" 304 1756 "-" "Mozilla/5.0 (X11; Linux x86_64) Gecko/20100101 Firefox/118.0"
10.0.0.18 - - [15/Jan/2024:15:33:11 +0000] "POST /products.html HTTP/1.1" 200 2791 "-" "Mozilla/5.0 (Windows NT 10.0; Win64; x64) AppleWebKit/537.36"
10.0.0.16 - - [15/Jan/2024:12:08:19 +0000] "POST /api/v1/data HTTP/1.1" 200 863 "-" "Mozilla/5.0 (X11; Linux x86_64) Gecko/20100101 Firefox/118.0"
45.33.32.156 - - [15/Jan/2024:14:01:48 +0000] "GET /config.php HTTP/1.1" 403 483 "-" "Nikto/2.1.6"
10.0.0.15 - - [15/Jan/2024:10:13:06 +0000] "GET /login HTTP/1.1" 200 4263 "-" "Mozilla/5.0 (X11; Linux x86_64) Gecko/20100101 Firefox/118.0"
10.0.0.16 - - [15/Jan/2024:10:43:43 +0000] "GET /index.html HTTP/1.1" 200 3512 "-" "Mozilla/5.0 (Windows NT 10.0; Win64; x64) AppleWebKit/537.36"
45.33.32.156 - - [15/Jan/2024:14:02:06 +0000] "GET /phpmyadmin HTTP/1.1" 403 203 "-" "Nikto/2.1.6"
192.168.99.1 - - [15/Jan/2024:03:58:32 +0000] "POST /login HTTP/1.1" 401 255 "-" "Mozilla/5.0 (Windows NT 10.0; Win64; x64) AppleWebKit/537.36"
10.0.0.18 - - [15/Jan/2024:14:09:34 +0000] "POST /about.html HTTP/1.1" 200 867 "-" "Mozilla/5.0 (Windows NT 10.0; Win64; x64) AppleWebKit/537.36"
192.168.99.1 - - [15/Jan/2024:03:27:45 +0000] "POST /login HTTP/1.1" 401 141 "-" "Mozilla/5.0 (Windows NT 10.0; Win64; x64) AppleWebKit/537.36"
10.0.0.15 - - [15/Jan/2024:11:09:09 +0000] "GET /dashboard HTTP/1.1" 200 1755 "-" "Mozilla/5.0 (Windows NT 10.0; Win64; x64) AppleWebKit/537.36"
45.33.32.156 - - [15/Jan/2024:14:00:27 +0000] "GET /backup.zip HTTP/1.1" 200 317 "-" "Nikto/2.1.6"
10.0.0.14 - - [15/Jan/2024:09:20:52 +0000] "GET /contact.html HTTP/1.1" 200 3031 "-" "Mozilla/5.0 (Windows NT 10.0; Win64; x64) AppleWebKit/537.36"
45.33.32.156 - - [15/Jan/2024:14:00:21 +0000] "GET /phpmyadmin HTTP/1.1" 403 540 "-" "python-requests/2.31.0"
10.0.0.10 - - [15/Jan/2024:11:10:14 +0000] "GET /api/v1/data HTTP/1.1" 200 4056 "-" "Mozilla/5.0 (X11; Linux x86_64) Gecko/20100101 Firefox/118.0"
10.0.0.16 - - [15/Jan/2024:10:20:32 +0000] "GET /admin/config HTTP/1.1" 200 2985 "-" "Mozilla/5.0 (X11; Linux x86_64) Gecko/20100101 Firefox/118.0"
192.168.99.1 - - [15/Jan/2024:03:16:33 +0000] "POST /login HTTP/1.1" 401 201 "-" "Mozilla/5.0 (Windows NT 10.0; Win64; x64) AppleWebKit/537.36"
192.168.99.1 - - [15/Jan/2024:03:53:33 +0000] "POST /login HTTP/1.1" 401 209 "-" "Mozilla/5.0 (Windows NT 10.0; Win64; x64) AppleWebKit/537.36"
10.0.0.11 - - [15/Jan/2024:08:35:59 +0000] "POST /about.html HTTP/1.1" 200 2164 "-" "Mozilla/5.0 (Macintosh; Intel Mac OS X 10_15_7) AppleWebKit/605.1.15"
172.16.0.55 - - [15/Jan/2024:22:37:20 +0000] "GET /api/v1/data HTTP/1.1" 200 574069 "-" "Mozilla/5.0 (X11; Linux x86_64) Gecko/20100101 Firefox/118.0"
10.0.0.12 - - [15/Jan/2024:09:46:18 +0000] "GET /login HTTP/1.1" 200 3789 "-" "Mozilla/5.0 (X11; Linux x86_64) Gecko/20100101 Firefox/118.0"
10.0.0.17 - - [15/Jan/2024:09:15:11 +0000] "GET /api/v1/data HTTP/1.1" 200 2144 "-" "Mozilla/5.0 (Macintosh; Intel Mac OS X 10_15_7) AppleWebKit/605.1.15"
10.0.0.17 - - [15/Jan/2024:10:01:14 +0000] "POST /admin/config HTTP/1.1" 200 4812 "-" "Mozilla/5.0 (X11; Linux x86_64) Gecko/20100101 Firefox/118.0"
10.0.0.19 - - [15/Jan/2024:12:05:09 +0000] "POST /dashboard HTTP/1.1" 200 2689 "-" "Mozilla/5.0 (X11; Linux x86_64) Gecko/20100101 Firefox/118.0"
192.168.99.1 - - [15/Jan/2024:03:04:21 +0000] "POST /login HTTP/1.1" 401 299 "-" "Mozilla/5.0 (Windows NT 10.0; Win64; x64) AppleWebKit/537.36"
10.0.0.19 - - [15/Jan/2024:13:35:35 +0000] "GET /about.html HTTP/1.1" 200 2601 "-" "Mozilla/5.0 (Windows NT 10.0; Win64; x64) AppleWebKit/537.36"
10.0.0.16 - - [15/Jan/2024:15:35:18 +0000] "GET /logout HTTP/1.1" 304 368 "-" "Mozilla/5.0 (Macintosh; Intel Mac OS X 10_15_7) AppleWebKit/605.1.15"
192.168.99.1 - - [15/Jan/2024:03:33:40 +0000] "POST /login HTTP/1.1" 200 248 "-" "Mozilla/5.0 (Windows NT 10.0; Win64; x64) AppleWebKit/537.36"
45.33.32.156 - - [15/Jan/2024:14:01:24 +0000] "GET /wp-admin HTTP/1.1" 200 402 "-" "python-requests/2.31.0"
172.16.0.55 - - [15/Jan/2024:22:32:40 +0000] "GET /api/v1/data HTTP/1.1" 200 1758361 "-" "Mozilla/5.0 (X11; Linux x86_64) Gecko/20100101 Firefox/118.0"
10.0.0.20 - - [15/Jan/2024:13:28:13 +0000] "POST /admin/config HTTP/1.1" 200 319 "-" "Mozilla/5.0 (X11; Linux x86_64) Gecko/20100101 Firefox/118.0"
172.16.0.55 - - [15/Jan/2024:22:39:00 +0000] "GET /api/v1/data HTTP/1.1" 200 1219673 "-" "Mozilla/5.0 (X11; Linux x86_64) Gecko/20100101 Firefox/118.0"
10.0.0.1 - - [15/Jan/2024:09:01:57 +0000] "GET /admin/config HTTP/1.1" 200 4701 "-" "Mozilla/5.0 (Macintosh; Intel Mac OS X 10_15_7) AppleWebKit/605.1.15"
10.0.0.5 - - [15/Jan/2024:15:12:11 +0000] "GET /contact.html HTTP/1.1" 200 1236 "-" "Mozilla/5.0 (Macintosh; Intel Mac OS X 10_15_7) AppleWebKit/605.1.15"
10.0.0.13 - - [15/Jan/2024:14:25:08 +0000] "GET /static/app.js HTTP/1.1" 200 1134 "-" "Mozilla/5.0 (Windows NT 10.0; Win64; x64) AppleWebKit/537.36"
10.0.0.8 - - [15/Jan/2024:13:15:27 +0000] "GET /admin/config HTTP/1.1" 200 4394 "-" "Mozilla/5.0 (Windows NT 10.0; Win64; x64) AppleWebKit/537.36"
10.0.0.5 - - [15/Jan/2024:14:23:04 +0000] "GET /products.html HTTP/1.1" 200 3317 "-" "Mozilla/5.0 (Windows NT 10.0; Win64; x64) AppleWebKit/537.36"
10.0.0.11 - - [15/Jan/2024:08:57:59 +0000] "GET /products.html HTTP/1.1" 200 2130 "-" "Mozilla/5.0 (Macintosh; Intel Mac OS X 10_15_7) AppleWebKit/605.1.15"
45.33.32.156 - - [15/Jan/2024:14:03:00 +0000] "GET /admin HTTP/1.1" 403 517 "-" "Nikto/2.1.6"
10.0.0.4 - - [15/Jan/2024:13:49:12 +0000] "GET /index.html HTTP/1.1" 200 939 "-" "Mozilla/5.0 (Windows NT 10.0; Win64; x64) AppleWebKit/537.36"
10.0.0.5 - - [15/Jan/2024:10:17:59 +0000] "GET /admin/config HTTP/1.1" 200 3778 "-" "Mozilla/5.0 (Windows NT 10.0; Win64; x64) AppleWebKit/537.36"
10.0.0.19 - - [15/Jan/2024:09:15:17 +0000] "GET /static/app.js HTTP/1.1" 200 4502 "-" "Mozilla/5.0 (X11; Linux x86_64) Gecko/20100101 Firefox/118.0"
45.33.32.156 - - [15/Jan/2024:14:00:33 +0000] "GET /.env HTTP/1.1" 404 610 "-" "Nikto/2.1.6"
10.0.0.20 - - [15/Jan/2024:08:14:20 +0000] "GET /dashboard HTTP/1.1" 200 2631 "-" "Mozilla/5.0 (Macintosh; Intel Mac OS X 10_15_7) AppleWebKit/605.1.15"
45.33.32.156 - - [15/Jan/2024:14:03:30 +0000] "GET /admin HTTP/1.1" 404 185 "-" "python-requests/2.31.0"
10.0.0.5 - - [15/Jan/2024:15:59:34 +0000] "GET /api/v1/users HTTP/1.1" 304 4632 "-" "Mozilla/5.0 (X11; Linux x86_64) Gecko/20100101 Firefox/118.0"
192.168.99.1 - - [15/Jan/2024:03:51:54 +0000] "POST /login HTTP/1.1" 403 88 "-" "Mozilla/5.0 (Windows NT 10.0; Win64; x64) AppleWebKit/537.36"
10.0.0.7 - - [15/Jan/2024:14:24:58 +0000] "GET /admin/config HTTP/1.1" 200 4691 "-" "Mozilla/5.0 (Macintosh; Intel Mac OS X 10_15_7) AppleWebKit/605.1.15"
192.168.99.1 - - [15/Jan/2024:03:59:52 +0000] "POST /login HTTP/1.1" 401 122 "-" "Mozilla/5.0 (Windows NT 10.0; Win64; x64) AppleWebKit/537.36"
45.33.32.156 - - [15/Jan/2024:14:00:24 +0000] "GET /config.php HTTP/1.1" 403 125 "-" "Nikto/2.1.6"
172.16.0.55 - - [15/Jan/2024:22:37:40 +0000] "GET /api/v1/data HTTP/1.1" 200 1722689 "-" "Mozilla/5.0 (X11; Linux x86_64) Gecko/20100101 Firefox/118.0"
10.0.0.3 - - [15/Jan/2024:10:04:14 +0000] "GET /static/app.js HTTP/1.1" 200 923 "-" "Mozilla/5.0 (X11; Linux x86_64) Gecko/20100101 Firefox/118.0"
172.16.0.55 - - [15/Jan/2024:22:31:00 +0000] "GET /api/v1/data HTTP/1.1" 200 895019 "-" "Mozilla/5.0 (X11; Linux x86_64) Gecko/20100101 Firefox/118.0"
10.0.0.4 - - [15/Jan/2024:13:02:51 +0000] "POST /admin/config HTTP/1.1" 304 787 "-" "Mozilla/5.0 (Macintosh; Intel Mac OS X 10_15_7) AppleWebKit/605.1.15"
10.0.0.4 - - [15/Jan/2024:11:40:30 +0000] "GET /logout HTTP/1.1" 200 771 "-" "Mozilla/5.0 (Windows NT 10.0; Win64; x64) AppleWebKit/537.36"
192.168.99.1 - - [15/Jan/2024:03:04:03 +0000] "POST /login HTTP/1.1" 401 200 "-" "Mozilla/5.0 (Windows NT 10.0; Win64; x64) AppleWebKit/537.36"
10.0.0.16 - - [15/Jan/2024:10:09:17 +0000] "GET /index.html HTTP/1.1" 200 3928 "-" "Mozilla/5.0 (Macintosh; Intel Mac OS X 10_15_7) AppleWebKit/605.1.15"
192.168.99.1 - - [15/Jan/2024:03:05:19 +0000] "POST /login HTTP/1.1" 401 80 "-" "Mozilla/5.0 (Windows NT 10.0; Win64; x64) AppleWebKit/537.36"
172.16.0.55 - - [15/Jan/2024:22:31:40 +0000] "GET /api/v1/data HTTP/1.1" 200 1584843 "-" "Mozilla/5.0 (X11; Linux x86_64) Gecko/20100101 Firefox/118.0"
10.0.0.2 - - [15/Jan/2024:08:20:32 +0000] "GET /api/v1/data HTTP/1.1" 200 4966 "-" "Mozilla/5.0 (Windows NT 10.0; Win64; x64) AppleWebKit/537.36"
192.168.99.1 - - [15/Jan/2024:03:04:05 +0000] "POST /login HTTP/1.1" 200 86 "-" "Mozilla/5.0 (Windows NT 10.0; Win64; x64) AppleWebKit/537.36"
192.168.99.1 - - [15/Jan/2024:03:39:10 +0000] "POST /login HTTP/1.1" 401 235 "-" "Mozilla/5.0 (Windows NT 10.0; Win64; x64) AppleWebKit/537.36"
10.0.0.6 - - [15/Jan/2024:08:47:40 +0000] "GET /static/app.js HTTP/1.1" 200 3442 "-" "Mozilla/5.0 (X11; Linux x86_64) Gecko/20100101 Firefox/118.0"
192.168.99.1 - - [15/Jan/2024:03:15:10 +0000] "POST /login HTTP/1.1" 401 260 "-" "Mozilla/5.0 (Windows NT 10.0; Win64; x64) AppleWebKit/537.36"
10.0.0.9 - - [15/Jan/2024:12:55:01 +0000] "GET /contact.html HTTP/1.1" 200 1179 "-" "Mozilla/5.0 (Windows NT 10.0; Win64; x64) AppleWebKit/537.36"
10.0.0.11 - - [15/Jan/2024:12:48:12 +0000] "GET /logout HTTP/1.1" 200 1035 "-" "Mozilla/5.0 (X11; Linux x86_64) Gecko/20100101 Firefox/118.0"
10.0.0.2 - - [15/Jan/2024:12:04:11 +0000] "GET /admin/config HTTP/1.1" 200 2349 "-" "Mozilla/5.0 (Macintosh; Intel Mac OS X 10_15_7) AppleWebKit/605.1.15"
10.0.0.1 - - [15/Jan/2024:12:09:19 +0000] "GET /static/app.js HTTP/1.1" 404 2572 "-" "Mozilla/5.0 (Windows NT 10.0; Win64; x64) AppleWebKit/537.36"
10.0.0.1 - - [15/Jan/2024:10:02:37 +0000] "GET /api/v1/data HTTP/1.1" 304 2846 "-" "Mozilla/5.0 (X11; Linux x86_64) Gecko/20100101 Firefox/118.0"
10.0.0.8 - - [15/Jan/2024:08:31:38 +0000] "GET /logout HTTP/1.1" 200 666 "-" "Mozilla/5.0 (Macintosh; Intel Mac OS X 10_15_7) AppleWebKit/605.1.15"
10.0.0.13 - - [15/Jan/2024:09:03:18 +0000] "GET /login HTTP/1.1" 200 3884 "-" "Mozilla/5.0 (X11; Linux x86_64) Gecko/20100101 Firefox/118.0"
10.0.0.16 - - [15/Jan/2024:11:30:05 +0000] "GET /about.html HTTP/1.1" 200 4808 "-" "Mozilla/5.0 (Macintosh; Intel Mac OS X 10_15_7) AppleWebKit/605.1.15"
10.0.0.3 - - [15/Jan/2024:15:28:59 +0000] "GET /static/app.js HTTP/1.1" 200 539 "-" "Mozilla/5.0 (X11; Linux x86_64) Gecko/20100101 Firefox/118.0"
192.168.99.1 - - [15/Jan/2024:03:30:52 +0000] "POST /login HTTP/1.1" 401 190 "-" "Mozilla/5.0 (Windows NT 10.0; Win64; x64) AppleWebKit/537.36"
10.0.0.20 - - [15/Jan/2024:12:02:35 +0000] "GET /api/v1/users HTTP/1.1" 200 2635 "-" "Mozilla/5.0 (Windows NT 10.0; Win64; x64) AppleWebKit/537.36"
192.168.99.1 - - [15/Jan/2024:03:01:55 +0000] "POST /login HTTP/1.1" 403 140 "-" "Mozilla/5.0 (Windows NT 10.0; Win64; x64) AppleWebKit/537.36"
192.168.99.1 - - [15/Jan/2024:03:38:45 +0000] "POST /login HTTP/1.1" 401 194 "-" "Mozilla/5.0 (Windows NT 10.0; Win64; x64) AppleWebKit/537.36"
10.0.0.16 - - [15/Jan/2024:09:26:55 +0000] "GET /static/style.css HTTP/1.1" 200 2371 "-" "Mozilla/5.0 (X11; Linux x86_64) Gecko/20100101 Firefox/118.0"
10.0.0.10 - - [15/Jan/2024:12:12:08 +0000] "POST /static/app.js HTTP/1.1" 200 1735 "-" "Mozilla/5.0 (Windows NT 10.0; Win64; x64) AppleWebKit/537.36"
192.168.99.1 - - [15/Jan/2024:03:22:52 +0000] "POST /login HTTP/1.1" 401 218 "-" "Mozilla/5.0 (Windows NT 10.0; Win64; x64) AppleWebKit/537.36"
192.168.99.1 - - [15/Jan/2024:03:20:46 +0000] "POST /login HTTP/1.1" 403 228 "-" "Mozilla/5.0 (Windows NT 10.0; Win64; x64) AppleWebKit/537.36"
10.0.0.16 - - [15/Jan/2024:13:26:33 +0000] "GET /logout HTTP/1.1" 200 3526 "-" "Mozilla/5.0 (X11; Linux x86_64) Gecko/20100101 Firefox/118.0"
192.168.99.1 - - [15/Jan/2024:03:35:56 +0000] "POST /login HTTP/1.1" 401 134 "-" "Mozilla/5.0 (Windows NT 10.0; Win64; x64) AppleWebKit/537.36"
10.0.0.1 - - [15/Jan/2024:13:58:17 +0000] "GET /about.html HTTP/1.1" 200 4343 "-" "Mozilla/5.0 (X11; Linux x86_64) Gecko/20100101 Firefox/118.0"
45.33.32.156 - - [15/Jan/2024:14:00:42 +0000] "GET /phpmyadmin HTTP/1.1" 403 153 "-" "sqlmap/1.7.8"
10.0.0.13 - - [15/Jan/2024:08:50:39 +0000] "GET /about.html HTTP/1.1" 304 2266 "-" "Mozilla/5.0 (X11; Linux x86_64) Gecko/20100101 Firefox/118.0"
10.0.0.17 - - [15/Jan/2024:10:24:45 +0000] "GET /logout HTTP/1.1" 404 1747 "-" "Mozilla/5.0 (X11; Linux x86_64) Gecko/20100101 Firefox/118.0"
192.168.99.1 - - [15/Jan/2024:03:08:39 +0000] "POST /login HTTP/1.1" 403 273 "-" "Mozilla/5.0 (Windows NT 10.0; Win64; x64) AppleWebKit/537.36"
10.0.0.15 - - [15/Jan/2024:14:10:51 +0000] "GET /api/v1/data HTTP/1.1" 200 4801 "-" "Mozilla/5.0 (Windows NT 10.0; Win64; x64) AppleWebKit/537.36"
45.33.32.156 - - [15/Jan/2024:14:02:54 +0000] "GET /backup.zip HTTP/1.1" 404 463 "-" "Nikto/2.1.6"
192.168.99.1 - - [15/Jan/2024:03:11:13 +0000] "POST /login HTTP/1.1" 401 130 "-" "Mozilla/5.0 (Windows NT 10.0; Win64; x64) AppleWebKit/537.36"
192.168.99.1 - - [15/Jan/2024:03:21:57 +0000] "POST /login HTTP/1.1" 401 96 "-" "Mozilla/5.0 (Windows NT 10.0; Win64; x64) AppleWebKit/537.36"
10.0.0.20 - - [15/Jan/2024:10:00:59 +0000] "POST /index.html HTTP/1.1" 200 355 "-" "Mozilla/5.0 (X11; Linux x86_64) Gecko/20100101 Firefox/118.0"
10.0.0.4 - - [15/Jan/2024:13:12:41 +0000] "GET /products.html HTTP/1.1" 200 1340 "-" "Mozilla/5.0 (Macintosh; Intel Mac OS X 10_15_7) AppleWebKit/605.1.15"
10.0.0.10 - - [15/Jan/2024:11:02:58 +0000] "POST /static/style.css HTTP/1.1" 200 4230 "-" "Mozilla/5.0 (Windows NT 10.0; Win64; x64) AppleWebKit/537.36"
172.16.0.55 - - [15/Jan/2024:22:30:00 +0000] "GET /api/v1/data HTTP/1.1" 200 1991271 "-" "Mozilla/5.0 (X11; Linux x86_64) Gecko/20100101 Firefox/118.0"
10.0.0.11 - - [15/Jan/2024:14:47:43 +0000] "GET /about.html HTTP/1.1" 404 1948 "-" "Mozilla/5.0 (Windows NT 10.0; Win64; x64) AppleWebKit/537.36"
10.0.0.14 - - [15/Jan/2024:08:51:02 +0000] "GET /login HTTP/1.1" 200 1576 "-" "Mozilla/5.0 (Macintosh; Intel Mac OS X 10_15_7) AppleWebKit/605.1.15"
10.0.0.20 - - [15/Jan/2024:13:10:32 +0000] "POST /index.html HTTP/1.1" 404 1802 "-" "Mozilla/5.0 (Windows NT 10.0; Win64; x64) AppleWebKit/537.36"
192.168.99.1 - - [15/Jan/2024:03:21:06 +0000] "POST /login HTTP/1.1" 403 218 "-" "Mozilla/5.0 (Windows NT 10.0; Win64; x64) AppleWebKit/537.36"
192.168.99.1 - - [15/Jan/2024:03:41:11 +0000] "POST /login HTTP/1.1" 401 263 "-" "Mozilla/5.0 (Windows NT 10.0; Win64; x64) AppleWebKit/537.36"
10.0.0.4 - - [15/Jan/2024:10:59:11 +0000] "GET /index.html HTTP/1.1" 200 1158 "-" "Mozilla/5.0 (Windows NT 10.0; Win64; x64) AppleWebKit/537.36"
10.0.0.11 - - [15/Jan/2024:12:09:42 +0000] "GET /about.html HTTP/1.1" 200 919 "-" "Mozilla/5.0 (X11; Linux x86_64) Gecko/20100101 Firefox/118.0"
10.0.0.13 - - [15/Jan/2024:14:57:10 +0000] "GET /api/v1/data HTTP/1.1" 200 4702 "-" "Mozilla/5.0 (X11; Linux x86_64) Gecko/20100101 Firefox/118.0"
10.0.0.20 - - [15/Jan/2024:14:11:33 +0000] "POST /about.html HTTP/1.1" 200 3063 "-" "Mozilla/5.0 (X11; Linux x86_64) Gecko/20100101 Firefox/118.0"
45.33.32.156 - - [15/Jan/2024:14:00:18 +0000] "GET /cgi-bin/test.cgi HTTP/1.1" 404 409 "-" "python-requests/2.31.0"
10.0.0.3 - - [15/Jan/2024:09:42:17 +0000] "GET /login HTTP/1.1" 200 4557 "-" "Mozilla/5.0 (X11; Linux x86_64) Gecko/20100101 Firefox/118.0"
10.0.0.1 - - [15/Jan/2024:12:52:45 +0000] "POST /dashboard HTTP/1.1" 200 1276 "-" "Mozilla/5.0 (X11; Linux x86_64) Gecko/20100101 Firefox/118.0"
192.168.99.1 - - [15/Jan/2024:03:33:28 +0000] "POST /login HTTP/1.1" 401 64 "-" "Mozilla/5.0 (Windows NT 10.0; Win64; x64) AppleWebKit/537.36"
10.0.0.14 - - [15/Jan/2024:09:41:47 +0000] "GET /static/app.js HTTP/1.1" 200 3782 "-" "Mozilla/5.0 (Windows NT 10.0; Win64; x64) AppleWebKit/537.36"
10.0.0.16 - - [15/Jan/2024:13:56:33 +0000] "GET /static/style.css HTTP/1.1" 200 2731 "-" "Mozilla/5.0 (Macintosh; Intel Mac OS X 10_15_7) AppleWebKit/605.1.15"
10.0.0.8 - - [15/Jan/2024:14:17:48 +0000] "POST /api/v1/users HTTP/1.1" 200 4449 "-" "Mozilla/5.0 (X11; Linux x86_64) Gecko/20100101 Firefox/118.0"
192.168.99.1 - - [15/Jan/2024:03:31:28 +0000] "POST /login HTTP/1.1" 401 286 "-" "Mozilla/5.0 (Windows NT 10.0; Win64; x64) AppleWebKit/537.36"
10.0.0.18 - - [15/Jan/2024:11:51:37 +0000] "GET /static/app.js HTTP/1.1" 200 1370 "-" "Mozilla/5.0 (Macintosh; Intel Mac OS X 10_15_7) AppleWebKit/605.1.15"
10.0.0.16 - - [15/Jan/2024:11:37:26 +0000] "GET /login HTTP/1.1" 200 704 "-" "Mozilla/5.0 (X11; Linux x86_64) Gecko/20100101 Firefox/118.0"
45.33.32.156 - - [15/Jan/2024:14:03:57 +0000] "GET /api/v1/admin HTTP/1.1" 404 317 "-" "python-requests/2.31.0"
45.33.32.156 - - [15/Jan/2024:14:00:06 +0000] "GET /api/v1/admin HTTP/1.1" 404 321 "-" "Nikto/2.1.6"
10.0.0.17 - - [15/Jan/2024:12:37:04 +0000] "GET /login HTTP/1.1" 200 456 "-" "Mozilla/5.0 (Macintosh; Intel Mac OS X 10_15_7) AppleWebKit/605.1.15"
10.0.0.9 - - [15/Jan/2024:12:15:36 +0000] "GET /products.html HTTP/1.1" 200 3859 "-" "Mozilla/5.0 (X11; Linux x86_64) Gecko/20100101 Firefox/118.0"
192.168.99.1 - - [15/Jan/2024:03:38:21 +0000] "POST /login HTTP/1.1" 403 287 "-" "Mozilla/5.0 (Windows NT 10.0; Win64; x64) AppleWebKit/537.36"
10.0.0.18 - - [15/Jan/2024:13:12:46 +0000] "GET /contact.html HTTP/1.1" 200 3719 "-" "Mozilla/5.0 (X11; Linux x86_64) Gecko/20100101 Firefox/118.0"
10.0.0.2 - - [15/Jan/2024:15:20:47 +0000] "GET /admin/config HTTP/1.1" 200 745 "-" "Mozilla/5.0 (Macintosh; Intel Mac OS X 10_15_7) AppleWebKit/605.1.15"
10.0.0.18 - - [15/Jan/2024:15:56:26 +0000] "POST /index.html HTTP/1.1" 200 2454 "-" "Mozilla/5.0 (X11; Linux x86_64) Gecko/20100101 Firefox/118.0"
10.0.0.9 - - [15/Jan/2024:15:14:23 +0000] "GET /api/v1/users HTTP/1.1" 200 3210 "-" "Mozilla/5.0 (X11; Linux x86_64) Gecko/20100101 Firefox/118.0"
10.0.0.6 - - [15/Jan/2024:08:32:34 +0000] "POST /api/v1/users HTTP/1.1" 200 2464 "-" "Mozilla/5.0 (X11; Linux x86_64) Gecko/20100101 Firefox/118.0"
10.0.0.16 - - [15/Jan/2024:14:05:21 +0000] "POST /products.html HTTP/1.1" 200 4820 "-" "Mozilla/5.0 (X11; Linux x86_64) Gecko/20100101 Firefox/118.0"
10.0.0.6 - - [15/Jan/2024:14:56:25 +0000] "POST /login HTTP/1.1" 304 2755 "-" "Mozilla/5.0 (X11; Linux x86_64) Gecko/20100101 Firefox/118.0"
10.0.0.4 - - [15/Jan/2024:10:38:06 +0000] "GET /static/app.js HTTP/1.1" 404 3869 "-" "Mozilla/5.0 (Windows NT 10.0; Win64; x64) AppleWebKit/537.36"
192.168.99.1 - - [15/Jan/2024:03:54:45 +0000] "POST /login HTTP/1.1" 401 54 "-" "Mozilla/5.0 (Windows NT 10.0; Win64; x64) AppleWebKit/537.36"
192.168.99.1 - - [15/Jan/2024:03:19:10 +0000] "POST /login HTTP/1.1" 401 170 "-" "Mozilla/5.0 (Windows NT 10.0; Win64; x64) AppleWebKit/537.36"
10.0.0.5 - - [15/Jan/2024:14:17:23 +0000] "GET /login HTTP/1.1" 304 4626 "-" "Mozilla/5.0 (X11; Linux x86_64) Gecko/20100101 Firefox/118.0"
10.0.0.11 - - [15/Jan/2024:08:20:36 +0000] "GET /logout HTTP/1.1" 200 1429 "-" "Mozilla/5.0 (Windows NT 10.0; Win64; x64) AppleWebKit/537.36"
10.0.0.5 - - [15/Jan/2024:12:27:18 +0000] "GET /logout HTTP/1.1" 200 3802 "-" "Mozilla/5.0 (Macintosh; Intel Mac OS X 10_15_7) AppleWebKit/605.1.15"
10.0.0.11 - - [15/Jan/2024:09:56:58 +0000] "GET /static/style.css HTTP/1.1" 200 1369 "-" "Mozilla/5.0 (Windows NT 10.0; Win64; x64) AppleWebKit/537.36"
192.168.99.1 - - [15/Jan/2024:03:41:44 +0000] "POST /login HTTP/1.1" 401 194 "-" "Mozilla/5.0 (Windows NT 10.0; Win64; x64) AppleWebKit/537.36"
10.0.0.6 - - [15/Jan/2024:14:18:42 +0000] "GET /login HTTP/1.1" 200 1632 "-" "Mozilla/5.0 (Windows NT 10.0; Win64; x64) AppleWebKit/537.36"
10.0.0.5 - - [15/Jan/2024:13:36:26 +0000] "GET /api/v1/users HTTP/1.1" 200 1764 "-" "Mozilla/5.0 (X11; Linux x86_64) Gecko/20100101 Firefox/118.0"
10.0.0.1 - - [15/Jan/2024:13:35:49 +0000] "GET /products.html HTTP/1.1" 200 375 "-" "Mozilla/5.0 (X11; Linux x86_64) Gecko/20100101 Firefox/118.0"
10.0.0.8 - - [15/Jan/2024:13:14:30 +0000] "GET /api/v1/data HTTP/1.1" 200 3090 "-" "Mozilla/5.0 (Macintosh; Intel Mac OS X 10_15_7) AppleWebKit/605.1.15"
10.0.0.11 - - [15/Jan/2024:11:19:46 +0000] "GET /products.html HTTP/1.1" 200 4109 "-" "Mozilla/5.0 (X11; Linux x86_64) Gecko/20100101 Firefox/118.0"
192.168.99.1 - - [15/Jan/2024:03:16:46 +0000] "POST /login HTTP/1.1" 403 177 "-" "Mozilla/5.0 (Windows NT 10.0; Win64; x64) AppleWebKit/537.36"
10.0.0.14 - - [15/Jan/2024:10:41:20 +0000] "GET /about.html HTTP/1.1" 304 1260 "-" "Mozilla/5.0 (X11; Linux x86_64) Gecko/20100101 Firefox/118.0"
45.33.32.156 - - [15/Jan/2024:14:00:45 +0000] "GET /config.php HTTP/1.1" 404 469 "-" "python-requests/2.31.0"
45.33.32.156 - - [15/Jan/2024:14:02:00 +0000] "GET /api/v1/admin HTTP/1.1" 404 582 "-" "sqlmap/1.7.8"
192.168.99.1 - - [15/Jan/2024:03:22:01 +0000] "POST /login HTTP/1.1" 401 90 "-" "Mozilla/5.0 (Windows NT 10.0; Win64; x64) AppleWebKit/537.36"
10.0.0.12 - - [15/Jan/2024:12:51:26 +0000] "GET /api/v1/users HTTP/1.1" 200 3917 "-" "Mozilla/5.0 (Macintosh; Intel Mac OS X 10_15_7) AppleWebKit/605.1.15"
172.16.0.55 - - [15/Jan/2024:22:36:00 +0000] "GET /api/v1/data HTTP/1.1" 200 1044056 "-" "Mozilla/5.0 (X11; Linux x86_64) Gecko/20100101 Firefox/118.0"
192.168.99.1 - - [15/Jan/2024:03:45:26 +0000] "POST /login HTTP/1.1" 401 94 "-" "Mozilla/5.0 (Windows NT 10.0; Win64; x64) AppleWebKit/537.36"
10.0.0.5 - - [15/Jan/2024:10:52:50 +0000] "POST /static/app.js HTTP/1.1" 200 1515 "-" "Mozilla/5.0 (X11; Linux x86_64) Gecko/20100101 Firefox/118.0"
192.168.99.1 - - [15/Jan/2024:03:26:30 +0000] "POST /login HTTP/1.1" 401 264 "-" "Mozilla/5.0 (Windows NT 10.0; Win64; x64) AppleWebKit/537.36"
10.0.0.5 - - [15/Jan/2024:14:26:17 +0000] "GET /static/app.js HTTP/1.1" 200 2312 "-" "Mozilla/5.0 (X11; Linux x86_64) Gecko/20100101 Firefox/118.0"
10.0.0.2 - - [15/Jan/2024:15:14:48 +0000] "GET /api/v1/users HTTP/1.1" 200 2100 "-" "Mozilla/5.0 (Windows NT 10.0; Win64; x64) AppleWebKit/537.36"
10.0.0.5 - - [15/Jan/2024:13:38:57 +0000] "GET /products.html HTTP/1.1" 404 3477 "-" "Mozilla/5.0 (Windows NT 10.0; Win64; x64) AppleWebKit/537.36"
10.0.0.16 - - [15/Jan/2024:12:54:54 +0000] "GET /static/style.css HTTP/1.1" 200 2740 "-" "Mozilla/5.0 (Macintosh; Intel Mac OS X 10_15_7) AppleWebKit/605.1.15"
10.0.0.14 - - [15/Jan/2024:11:07:44 +0000] "POST /admin/config HTTP/1.1" 200 3817 "-" "Mozilla/5.0 (X11; Linux x86_64) Gecko/20100101 Firefox/118.0"
10.0.0.10 - - [15/Jan/2024:10:41:35 +0000] "GET /index.html HTTP/1.1" 200 501 "-" "Mozilla/5.0 (X11; Linux x86_64) Gecko/20100101 Firefox/118.0"
10.0.0.15 - - [15/Jan/2024:08:14:41 +0000] "GET /admin/config HTTP/1.1" 200 666 "-" "Mozilla/5.0 (Macintosh; Intel Mac OS X 10_15_7) AppleWebKit/605.1.15"
10.0.0.5 - - [15/Jan/2024:15:12:02 +0000] "GET /products.html HTTP/1.1" 200 4633 "-" "Mozilla/5.0 (Windows NT 10.0; Win64; x64) AppleWebKit/537.36"
10.0.0.5 - - [15/Jan/2024:09:32:26 +0000] "POST /admin/config HTTP/1.1" 200 581 "-" "Mozilla/5.0 (X11; Linux x86_64) Gecko/20100101 Firefox/118.0"
10.0.0.3 - - [15/Jan/2024:10:25:39 +0000] "GET /admin/config HTTP/1.1" 200 1578 "-" "Mozilla/5.0 (X11; Linux x86_64) Gecko/20100101 Firefox/118.0"
192.168.99.1 - - [15/Jan/2024:03:40:24 +0000] "POST /login HTTP/1.1" 401 161 "-" "Mozilla/5.0 (Windows NT 10.0; Win64; x64) AppleWebKit/537.36"
10.0.0.10 - - [15/Jan/2024:08:42:01 +0000] "POST /contact.html HTTP/1.1" 200 4528 "-" "Mozilla/5.0 (Macintosh; Intel Mac OS X 10_15_7) AppleWebKit/605.1.15"
10.0.0.13 - - [15/Jan/2024:11:01:10 +0000] "GET /admin/config HTTP/1.1" 200 742 "-" "Mozilla/5.0 (X11; Linux x86_64) Gecko/20100101 Firefox/118.0"
192.168.99.1 - - [15/Jan/2024:03:55:13 +0000] "POST /login HTTP/1.1" 401 60 "-" "Mozilla/5.0 (Windows NT 10.0; Win64; x64) AppleWebKit/537.36"
172.16.0.55 - - [15/Jan/2024:22:33:20 +0000] "GET /api/v1/data HTTP/1.1" 200 1885232 "-" "Mozilla/5.0 (X11; Linux x86_64) Gecko/20100101 Firefox/118.0"
192.168.99.1 - - [15/Jan/2024:03:43:38 +0000] "POST /login HTTP/1.1" 200 216 "-" "Mozilla/5.0 (Windows NT 10.0; Win64; x64) AppleWebKit/537.36"
10.0.0.14 - - [15/Jan/2024:11:45:22 +0000] "POST /login HTTP/1.1" 200 2188 "-" "Mozilla/5.0 (Windows NT 10.0; Win64; x64) AppleWebKit/537.36"
10.0.0.9 - - [15/Jan/2024:08:27:27 +0000] "GET /static/app.js HTTP/1.1" 200 2864 "-" "Mozilla/5.0 (Macintosh; Intel Mac OS X 10_15_7) AppleWebKit/605.1.15"
10.0.0.10 - - [15/Jan/2024:10:52:21 +0000] "GET /login HTTP/1.1" 404 3978 "-" "Mozilla/5.0 (X11; Linux x86_64) Gecko/20100101 Firefox/118.0"
10.0.0.14 - - [15/Jan/2024:13:23:25 +0000] "GET /static/app.js HTTP/1.1" 200 2380 "-" "Mozilla/5.0 (Windows NT 10.0; Win64; x64) AppleWebKit/537.36"
192.168.99.1 - - [15/Jan/2024:03:00:48 +0000] "POST /login HTTP/1.1" 401 249 "-" "Mozilla/5.0 (Windows NT 10.0; Win64; x64) AppleWebKit/537.36"
10.0.0.12 - - [15/Jan/2024:11:35:28 +0000] "GET /contact.html HTTP/1.1" 200 747 "-" "Mozilla/5.0 (X11; Linux x86_64) Gecko/20100101 Firefox/118.0"
172.16.0.55 - - [15/Jan/2024:22:37:00 +0000] "GET /api/v1/data HTTP/1.1" 200 1314271 "-" "Mozilla/5.0 (X11; Linux x86_64) Gecko/20100101 Firefox/118.0"
10.0.0.18 - - [15/Jan/2024:15:24:18 +0000] "GET /index.html HTTP/1.1" 200 2748 "-" "Mozilla/5.0 (Macintosh; Intel Mac OS X 10_15_7) AppleWebKit/605.1.15"
45.33.32.156 - - [15/Jan/2024:14:03:51 +0000] "GET /backup.zip HTTP/1.1" 403 160 "-" "sqlmap/1.7.8"
45.33.32.156 - - [15/Jan/2024:14:02:09 +0000] "GET /wp-admin HTTP/1.1" 404 626 "-" "Nikto/2.1.6"
10.0.0.18 - - [15/Jan/2024:08:10:35 +0000] "GET /index.html HTTP/1.1" 200 429 "-" "Mozilla/5.0 (Windows NT 10.0; Win64; x64) AppleWebKit/537.36"
192.168.99.1 - - [15/Jan/2024:03:15:53 +0000] "POST /login HTTP/1.1" 200 75 "-" "Mozilla/5.0 (Windows NT 10.0; Win64; x64) AppleWebKit/537.36"
10.0.0.8 - - [15/Jan/2024:14:59:57 +0000] "GET /dashboard HTTP/1.1" 200 462 "-" "Mozilla/5.0 (X11; Linux x86_64) Gecko/20100101 Firefox/118.0"
45.33.32.156 - - [15/Jan/2024:14:02:03 +0000] "GET /admin HTTP/1.1" 404 688 "-" "python-requests/2.31.0"
10.0.0.12 - - [15/Jan/2024:09:12:37 +0000] "GET /about.html HTTP/1.1" 404 4432 "-" "Mozilla/5.0 (Macintosh; Intel Mac OS X 10_15_7) AppleWebKit/605.1.15"
192.168.99.1 - - [15/Jan/2024:03:39:06 +0000] "POST /login HTTP/1.1" 401 247 "-" "Mozilla/5.0 (Windows NT 10.0; Win64; x64) AppleWebKit/537.36"
192.168.99.1 - - [15/Jan/2024:03:02:07 +0000] "POST /login HTTP/1.1" 200 268 "-" "Mozilla/5.0 (Windows NT 10.0; Win64; x64) AppleWebKit/537.36"
10.0.0.13 - - [15/Jan/2024:15:49:45 +0000] "GET /login HTTP/1.1" 200 214 "-" "Mozilla/5.0 (Macintosh; Intel Mac OS X 10_15_7) AppleWebKit/605.1.15"
10.0.0.13 - - [15/Jan/2024:14:09:55 +0000] "GET /static/app.js HTTP/1.1" 200 2089 "-" "Mozilla/5.0 (X11; Linux x86_64) Gecko/20100101 Firefox/118.0"
10.0.0.17 - - [15/Jan/2024:13:34:03 +0000] "POST /index.html HTTP/1.1" 200 948 "-" "Mozilla/5.0 (X11; Linux x86_64) Gecko/20100101 Firefox/118.0"
10.0.0.14 - - [15/Jan/2024:09:58:57 +0000] "GET /products.html HTTP/1.1" 200 2866 "-" "Mozilla/5.0 (Macintosh; Intel Mac OS X 10_15_7) AppleWebKit/605.1.15"
10.0.0.8 - - [15/Jan/2024:11:08:18 +0000] "GET /admin/config HTTP/1.1" 200 2823 "-" "Mozilla/5.0 (X11; Linux x86_64) Gecko/20100101 Firefox/118.0"
10.0.0.1 - - [15/Jan/2024:15:30:41 +0000] "GET /about.html HTTP/1.1" 304 2268 "-" "Mozilla/5.0 (X11; Linux x86_64) Gecko/20100101 Firefox/118.0"
10.0.0.7 - - [15/Jan/2024:15:24:17 +0000] "POST /index.html HTTP/1.1" 200 4989 "-" "Mozilla/5.0 (Macintosh; Intel Mac OS X 10_15_7) AppleWebKit/605.1.15"
10.0.0.13 - - [15/Jan/2024:12:36:55 +0000] "POST /static/style.css HTTP/1.1" 200 436 "-" "Mozilla/5.0 (X11; Linux x86_64) Gecko/20100101 Firefox/118.0"
10.0.0.7 - - [15/Jan/2024:10:19:46 +0000] "POST /contact.html HTTP/1.1" 304 4423 "-" "Mozilla/5.0 (X11; Linux x86_64) Gecko/20100101 Firefox/118.0"
192.168.99.1 - - [15/Jan/2024:03:28:07 +0000] "POST /login HTTP/1.1" 403 172 "-" "Mozilla/5.0 (Windows NT 10.0; Win64; x64) AppleWebKit/537.36"
10.0.0.3 - - [15/Jan/2024:13:59:49 +0000] "POST /api/v1/users HTTP/1.1" 200 2845 "-" "Mozilla/5.0 (X11; Linux x86_64) Gecko/20100101 Firefox/118.0"
45.33.32.156 - - [15/Jan/2024:14:01:39 +0000] "GET /admin HTTP/1.1" 404 972 "-" "python-requests/2.31.0"
10.0.0.1 - - [15/Jan/2024:12:25:13 +0000] "GET /static/app.js HTTP/1.1" 200 1452 "-" "Mozilla/5.0 (Macintosh; Intel Mac OS X 10_15_7) AppleWebKit/605.1.15"
10.0.0.16 - - [15/Jan/2024:13:16:42 +0000] "GET /contact.html HTTP/1.1" 200 2823 "-" "Mozilla/5.0 (Macintosh; Intel Mac OS X 10_15_7) AppleWebKit/605.1.15"
192.168.99.1 - - [15/Jan/2024:03:50:33 +0000] "POST /login HTTP/1.1" 401 53 "-" "Mozilla/5.0 (Windows NT 10.0; Win64; x64) AppleWebKit/537.36"
10.0.0.16 - - [15/Jan/2024:13:52:44 +0000] "GET /static/style.css HTTP/1.1" 200 3412 "-" "Mozilla/5.0 (Windows NT 10.0; Win64; x64) AppleWebKit/537.36"
172.16.0.55 - - [15/Jan/2024:22:32:00 +0000] "GET /api/v1/data HTTP/1.1" 200 1003949 "-" "Mozilla/5.0 (X11; Linux x86_64) Gecko/20100101 Firefox/118.0"
10.0.0.2 - - [15/Jan/2024:15:28:48 +0000] "GET /api/v1/data HTTP/1.1" 200 4746 "-" "Mozilla/5.0 (Windows NT 10.0; Win64; x64) AppleWebKit/537.36"
10.0.0.8 - - [15/Jan/2024:09:59:24 +0000] "POST /login HTTP/1.1" 200 4564 "-" "Mozilla/5.0 (Windows NT 10.0; Win64; x64) AppleWebKit/537.36"
10.0.0.20 - - [15/Jan/2024:12:45:29 +0000] "GET /contact.html HTTP/1.1" 200 3273 "-" "Mozilla/5.0 (Macintosh; Intel Mac OS X 10_15_7) AppleWebKit/605.1.15"
10.0.0.18 - - [15/Jan/2024:15:32:10 +0000] "POST /api/v1/users HTTP/1.1" 200 994 "-" "Mozilla/5.0 (Windows NT 10.0; Win64; x64) AppleWebKit/537.36"
10.0.0.2 - - [15/Jan/2024:10:41:24 +0000] "GET /products.html HTTP/1.1" 200 4192 "-" "Mozilla/5.0 (Windows NT 10.0; Win64; x64) AppleWebKit/537.36"
10.0.0.12 - - [15/Jan/2024:11:05:35 +0000] "GET /index.html HTTP/1.1" 304 3383 "-" "Mozilla/5.0 (X11; Linux x86_64) Gecko/20100101 Firefox/118.0"
192.168.99.1 - - [15/Jan/2024:03:35:42 +0000] "POST /login HTTP/1.1" 401 260 "-" "Mozilla/5.0 (Windows NT 10.0; Win64; x64) AppleWebKit/537.36"
192.168.99.1 - - [15/Jan/2024:03:18:33 +0000] "POST /login HTTP/1.1" 401 291 "-" "Mozilla/5.0 (Windows NT 10.0; Win64; x64) AppleWebKit/537.36"
10.0.0.1 - - [15/Jan/2024:11:26:58 +0000] "GET /static/app.js HTTP/1.1" 304 2436 "-" "Mozilla/5.0 (Macintosh; Intel Mac OS X 10_15_7) AppleWebKit/605.1.15"
10.0.0.14 - - [15/Jan/2024:12:50:05 +0000] "GET /logout HTTP/1.1" 200 3233 "-" "Mozilla/5.0 (Windows NT 10.0; Win64; x64) AppleWebKit/537.36"
10.0.0.20 - - [15/Jan/2024:09:33:29 +0000] "POST /admin/config HTTP/1.1" 200 437 "-" "Mozilla/5.0 (X11; Linux x86_64) Gecko/20100101 Firefox/118.0"
172.16.0.55 - - [15/Jan/2024:22:39:40 +0000] "GET /api/v1/data HTTP/1.1" 200 966329 "-" "Mozilla/5.0 (X11; Linux x86_64) Gecko/20100101 Firefox/118.0"
10.0.0.10 - - [15/Jan/2024:08:17:19 +0000] "GET /static/app.js HTTP/1.1" 200 3543 "-" "Mozilla/5.0 (X11; Linux x86_64) Gecko/20100101 Firefox/118.0"
10.0.0.5 - - [15/Jan/2024:15:23:20 +0000] "GET /login HTTP/1.1" 200 4701 "-" "Mozilla/5.0 (X11; Linux x86_64) Gecko/20100101 Firefox/118.0"
192.168.99.1 - - [15/Jan/2024:03:05:53 +0000] "POST /login HTTP/1.1" 401 52 "-" "Mozilla/5.0 (Windows NT 10.0; Win64; x64) AppleWebKit/537.36"
10.0.0.13 - - [15/Jan/2024:13:47:09 +0000] "GET /api/v1/data HTTP/1.1" 200 653 "-" "Mozilla/5.0 (Macintosh; Intel Mac OS X 10_15_7) AppleWebKit/605.1.15"
45.33.32.156 - - [15/Jan/2024:14:00:51 +0000] "GET /wp-admin HTTP/1.1" 200 635 "-" "python-requests/2.31.0"
10.0.0.15 - - [15/Jan/2024:11:05:06 +0000] "GET /static/app.js HTTP/1.1" 200 3596 "-" "Mozilla/5.0 (Macintosh; Intel Mac OS X 10_15_7) AppleWebKit/605.1.15"
192.168.99.1 - - [15/Jan/2024:03:49:12 +0000] "POST /login HTTP/1.1" 401 145 "-" "Mozilla/5.0 (Windows NT 10.0; Win64; x64) AppleWebKit/537.36"
10.0.0.11 - - [15/Jan/2024:10:26:34 +0000] "GET /products.html HTTP/1.1" 200 2097 "-" "Mozilla/5.0 (Macintosh; Intel Mac OS X 10_15_7) AppleWebKit/605.1.15"
10.0.0.10 - - [15/Jan/2024:10:27:57 +0000] "GET /api/v1/users HTTP/1.1" 200 2684 "-" "Mozilla/5.0 (Windows NT 10.0; Win64; x64) AppleWebKit/537.36"
10.0.0.16 - - [15/Jan/2024:14:19:00 +0000] "GET /products.html HTTP/1.1" 200 3803 "-" "Mozilla/5.0 (Windows NT 10.0; Win64; x64) AppleWebKit/537.36"
45.33.32.156 - - [15/Jan/2024:14:03:42 +0000] "GET /cgi-bin/test.cgi HTTP/1.1" 403 527 "-" "sqlmap/1.7.8"
192.168.99.1 - - [15/Jan/2024:03:32:12 +0000] "POST /login HTTP/1.1" 401 285 "-" "Mozilla/5.0 (Windows NT 10.0; Win64; x64) AppleWebKit/537.36"
10.0.0.18 - - [15/Jan/2024:13:36:22 +0000] "GET /static/style.css HTTP/1.1" 200 4953 "-" "Mozilla/5.0 (X11; Linux x86_64) Gecko/20100101 Firefox/118.0"
10.0.0.6 - - [15/Jan/2024:10:51:35 +0000] "GET /static/app.js HTTP/1.1" 200 4122 "-" "Mozilla/5.0 (X11; Linux x86_64) Gecko/20100101 Firefox/118.0"
45.33.32.156 - - [15/Jan/2024:14:02:45 +0000] "GET /wp-admin HTTP/1.1" 403 266 "-" "sqlmap/1.7.8"
10.0.0.4 - - [15/Jan/2024:10:29:12 +0000] "GET /api/v1/data HTTP/1.1" 304 3702 "-" "Mozilla/5.0 (X11; Linux x86_64) Gecko/20100101 Firefox/118.0"
192.168.99.1 - - [15/Jan/2024:03:20:06 +0000] "POST /login HTTP/1.1" 401 236 "-" "Mozilla/5.0 (Windows NT 10.0; Win64; x64) AppleWebKit/537.36"
10.0.0.10 - - [15/Jan/2024:08:55:39 +0000] "POST /dashboard HTTP/1.1" 304 436 "-" "Mozilla/5.0 (X11; Linux x86_64) Gecko/20100101 Firefox/118.0"
172.16.0.55 - - [15/Jan/2024:22:30:20 +0000] "GET /api/v1/data HTTP/1.1" 200 1866224 "-" "Mozilla/5.0 (X11; Linux x86_64) Gecko/20100101 Firefox/118.0"
10.0.0.12 - - [15/Jan/2024:14:40:58 +0000] "GET /static/app.js HTTP/1.1" 200 4701 "-" "Mozilla/5.0 (X11; Linux x86_64) Gecko/20100101 Firefox/118.0"
10.0.0.4 - - [15/Jan/2024:15:53:12 +0000] "GET /static/app.js HTTP/1.1" 200 1432 "-" "Mozilla/5.0 (Macintosh; Intel Mac OS X 10_15_7) AppleWebKit/605.1.15"
10.0.0.9 - - [15/Jan/2024:09:02:44 +0000] "GET /logout HTTP/1.1" 304 4660 "-" "Mozilla/5.0 (X11; Linux x86_64) Gecko/20100101 Firefox/118.0"
10.0.0.19 - - [15/Jan/2024:12:34:19 +0000] "GET /api/v1/data HTTP/1.1" 304 916 "-" "Mozilla/5.0 (Macintosh; Intel Mac OS X 10_15_7) AppleWebKit/605.1.15"
10.0.0.13 - - [15/Jan/2024:09:14:53 +0000] "GET /contact.html HTTP/1.1" 200 169 "-" "Mozilla/5.0 (X11; Linux x86_64) Gecko/20100101 Firefox/118.0"
10.0.0.17 - - [15/Jan/2024:11:36:31 +0000] "GET /api/v1/data HTTP/1.1" 200 3171 "-" "Mozilla/5.0 (Windows NT 10.0; Win64; x64) AppleWebKit/537.36"
192.168.99.1 - - [15/Jan/2024:03:50:12 +0000] "POST /login HTTP/1.1" 401 165 "-" "Mozilla/5.0 (Windows NT 10.0; Win64; x64) AppleWebKit/537.36"
192.168.99.1 - - [15/Jan/2024:03:33:36 +0000] "POST /login HTTP/1.1" 401 94 "-" "Mozilla/5.0 (Windows NT 10.0; Win64; x64) AppleWebKit/537.36"
10.0.0.16 - - [15/Jan/2024:08:53:51 +0000] "GET /api/v1/data HTTP/1.1" 200 474 "-" "Mozilla/5.0 (Macintosh; Intel Mac OS X 10_15_7) AppleWebKit/605.1.15"
10.0.0.6 - - [15/Jan/2024:09:03:52 +0000] "GET /api/v1/data HTTP/1.1" 200 4985 "-" "Mozilla/5.0 (Macintosh; Intel Mac OS X 10_15_7) AppleWebKit/605.1.15"
10.0.0.11 - - [15/Jan/2024:15:19:07 +0000] "GET /static/style.css HTTP/1.1" 200 4969 "-" "Mozilla/5.0 (X11; Linux x86_64) Gecko/20100101 Firefox/118.0"
10.0.0.19 - - [15/Jan/2024:10:31:00 +0000] "POST /login HTTP/1.1" 200 1690 "-" "Mozilla/5.0 (Windows NT 10.0; Win64; x64) AppleWebKit/537.36"
192.168.99.1 - - [15/Jan/2024:03:14:58 +0000] "POST /login HTTP/1.1" 401 254 "-" "Mozilla/5.0 (Windows NT 10.0; Win64; x64) AppleWebKit/537.36"
10.0.0.9 - - [15/Jan/2024:14:50:04 +0000] "GET /dashboard HTTP/1.1" 200 1395 "-" "Mozilla/5.0 (Macintosh; Intel Mac OS X 10_15_7) AppleWebKit/605.1.15"
10.0.0.11 - - [15/Jan/2024:12:29:57 +0000] "GET /contact.html HTTP/1.1" 200 2888 "-" "Mozilla/5.0 (Macintosh; Intel Mac OS X 10_15_7) AppleWebKit/605.1.15"
192.168.99.1 - - [15/Jan/2024:03:57:42 +0000] "POST /login HTTP/1.1" 401 110 "-" "Mozilla/5.0 (Windows NT 10.0; Win64; x64) AppleWebKit/537.36"
192.168.99.1 - - [15/Jan/2024:03:36:08 +0000] "POST /login HTTP/1.1" 401 199 "-" "Mozilla/5.0 (Windows NT 10.0; Win64; x64) AppleWebKit/537.36"
10.0.0.18 - - [15/Jan/2024:08:40:00 +0000] "POST /products.html HTTP/1.1" 200 663 "-" "Mozilla/5.0 (Macintosh; Intel Mac OS X 10_15_7) AppleWebKit/605.1.15"
172.16.0.55 - - [15/Jan/2024:22:39:20 +0000] "GET /api/v1/data HTTP/1.1" 200 1996043 "-" "Mozilla/5.0 (X11; Linux x86_64) Gecko/20100101 Firefox/118.0"
10.0.0.16 - - [15/Jan/2024:14:54:25 +0000] "POST /static/style.css HTTP/1.1" 200 255 "-" "Mozilla/5.0 (Windows NT 10.0; Win64; x64) AppleWebKit/537.36"
10.0.0.3 - - [15/Jan/2024:15:57:06 +0000] "POST /products.html HTTP/1.1" 200 1877 "-" "Mozilla/5.0 (X11; Linux x86_64) Gecko/20100101 Firefox/118.0"
45.33.32.156 - - [15/Jan/2024:14:00:57 +0000] "GET /phpmyadmin HTTP/1.1" 200 893 "-" "python-requests/2.31.0"
10.0.0.10 - - [15/Jan/2024:12:35:11 +0000] "POST /products.html HTTP/1.1" 200 2726 "-" "Mozilla/5.0 (X11; Linux x86_64) Gecko/20100101 Firefox/118.0"
10.0.0.15 - - [15/Jan/2024:11:27:44 +0000] "GET /static/style.css HTTP/1.1" 304 2601 "-" "Mozilla/5.0 (Macintosh; Intel Mac OS X 10_15_7) AppleWebKit/605.1.15"
10.0.0.4 - - [15/Jan/2024:13:43:06 +0000] "GET /dashboard HTTP/1.1" 200 373 "-" "Mozilla/5.0 (Macintosh; Intel Mac OS X 10_15_7) AppleWebKit/605.1.15"
192.168.99.1 - - [15/Jan/2024:03:31:04 +0000] "POST /login HTTP/1.1" 401 64 "-" "Mozilla/5.0 (Windows NT 10.0; Win64; x64) AppleWebKit/537.36"
192.168.99.1 - - [15/Jan/2024:03:23:29 +0000] "POST /login HTTP/1.1" 403 178 "-" "Mozilla/5.0 (Windows NT 10.0; Win64; x64) AppleWebKit/537.36"
10.0.0.10 - - [15/Jan/2024:08:58:06 +0000] "POST /dashboard HTTP/1.1" 200 3163 "-" "Mozilla/5.0 (Windows NT 10.0; Win64; x64) AppleWebKit/537.36"
10.0.0.20 - - [15/Jan/2024:14:52:01 +0000] "GET /index.html HTTP/1.1" 200 3573 "-" "Mozilla/5.0 (X11; Linux x86_64) Gecko/20100101 Firefox/118.0"
10.0.0.4 - - [15/Jan/2024:11:59:50 +0000] "GET /static/style.css HTTP/1.1" 200 4199 "-" "Mozilla/5.0 (Macintosh; Intel Mac OS X 10_15_7) AppleWebKit/605.1.15"
10.0.0.7 - - [15/Jan/2024:12:38:30 +0000] "GET /api/v1/data HTTP/1.1" 200 1309 "-" "Mozilla/5.0 (X11; Linux x86_64) Gecko/20100101 Firefox/118.0"
10.0.0.15 - - [15/Jan/2024:09:22:26 +0000] "GET /about.html HTTP/1.1" 200 2350 "-" "Mozilla/5.0 (Macintosh; Intel Mac OS X 10_15_7) AppleWebKit/605.1.15"
10.0.0.9 - - [15/Jan/2024:12:48:58 +0000] "GET /login HTTP/1.1" 200 4498 "-" "Mozilla/5.0 (Windows NT 10.0; Win64; x64) AppleWebKit/537.36"
45.33.32.156 - - [15/Jan/2024:14:01:12 +0000] "GET /phpmyadmin HTTP/1.1" 403 956 "-" "sqlmap/1.7.8"
10.0.0.14 - - [15/Jan/2024:10:43:22 +0000] "GET /admin/config HTTP/1.1" 200 1731 "-" "Mozilla/5.0 (Macintosh; Intel Mac OS X 10_15_7) AppleWebKit/605.1.15"
10.0.0.5 - - [15/Jan/2024:15:02:54 +0000] "GET /logout HTTP/1.1" 200 1164 "-" "Mozilla/5.0 (Windows NT 10.0; Win64; x64) AppleWebKit/537.36"
172.16.0.55 - - [15/Jan/2024:22:38:00 +0000] "GET /api/v1/data HTTP/1.1" 200 1984928 "-" "Mozilla/5.0 (X11; Linux x86_64) Gecko/20100101 Firefox/118.0"
45.33.32.156 - - [15/Jan/2024:14:01:33 +0000] "GET /phpmyadmin HTTP/1.1" 404 753 "-" "sqlmap/1.7.8"
45.33.32.156 - - [15/Jan/2024:14:02:39 +0000] "GET /backup.zip HTTP/1.1" 404 503 "-" "sqlmap/1.7.8"
10.0.0.1 - - [15/Jan/2024:13:20:38 +0000] "GET /dashboard HTTP/1.1" 200 3954 "-" "Mozilla/5.0 (Windows NT 10.0; Win64; x64) AppleWebKit/537.36"
45.33.32.156 - - [15/Jan/2024:14:01:21 +0000] "GET /admin HTTP/1.1" 403 763 "-" "python-requests/2.31.0"
10.0.0.10 - - [15/Jan/2024:09:41:45 +0000] "GET /index.html HTTP/1.1" 200 979 "-" "Mozilla/5.0 (X11; Linux x86_64) Gecko/20100101 Firefox/118.0"
192.168.99.1 - - [15/Jan/2024:03:25:11 +0000] "POST /login HTTP/1.1" 401 194 "-" "Mozilla/5.0 (Windows NT 10.0; Win64; x64) AppleWebKit/537.36"
192.168.99.1 - - [15/Jan/2024:03:16:55 +0000] "POST /login HTTP/1.1" 403 118 "-" "Mozilla/5.0 (Windows NT 10.0; Win64; x64) AppleWebKit/537.36"
192.168.99.1 - - [15/Jan/2024:03:03:08 +0000] "POST /login HTTP/1.1" 200 67 "-" "Mozilla/5.0 (Windows NT 10.0; Win64; x64) AppleWebKit/537.36"
10.0.0.20 - - [15/Jan/2024:15:50:14 +0000] "GET /dashboard HTTP/1.1" 200 1792 "-" "Mozilla/5.0 (Windows NT 10.0; Win64; x64) AppleWebKit/537.36"
10.0.0.5 - - [15/Jan/2024:11:08:09 +0000] "POST /login HTTP/1.1" 200 3644 "-" "Mozilla/5.0 (Windows NT 10.0; Win64; x64) AppleWebKit/537.36"
45.33.32.156 - - [15/Jan/2024:14:02:57 +0000] "GET /admin HTTP/1.1" 403 946 "-" "Nikto/2.1.6"
10.0.0.19 - - [15/Jan/2024:11:48:57 +0000] "POST /logout HTTP/1.1" 200 1773 "-" "Mozilla/5.0 (Macintosh; Intel Mac OS X 10_15_7) AppleWebKit/605.1.15"
10.0.0.9 - - [15/Jan/2024:15:58:58 +0000] "POST /contact.html HTTP/1.1" 404 413 "-" "Mozilla/5.0 (Macintosh; Intel Mac OS X 10_15_7) AppleWebKit/605.1.15"
10.0.0.16 - - [15/Jan/2024:13:31:10 +0000] "GET /api/v1/users HTTP/1.1" 200 1894 "-" "Mozilla/5.0 (Macintosh; Intel Mac OS X 10_15_7) AppleWebKit/605.1.15"
10.0.0.13 - - [15/Jan/2024:08:49:10 +0000] "GET /login HTTP/1.1" 404 4878 "-" "Mozilla/5.0 (Windows NT 10.0; Win64; x64) AppleWebKit/537.36"
192.168.99.1 - - [15/Jan/2024:03:32:44 +0000] "POST /login HTTP/1.1" 401 174 "-" "Mozilla/5.0 (Windows NT 10.0; Win64; x64) AppleWebKit/537.36"
192.168.99.1 - - [15/Jan/2024:03:39:21 +0000] "POST /login HTTP/1.1" 403 177 "-" "Mozilla/5.0 (Windows NT 10.0; Win64; x64) AppleWebKit/537.36"
45.33.32.156 - - [15/Jan/2024:14:01:03 +0000] "GET /.env HTTP/1.1" 404 133 "-" "sqlmap/1.7.8"
10.0.0.14 - - [15/Jan/2024:08:06:54 +0000] "GET /static/style.css HTTP/1.1" 200 3866 "-" "Mozilla/5.0 (Macintosh; Intel Mac OS X 10_15_7) AppleWebKit/605.1.15"
45.33.32.156 - - [15/Jan/2024:14:01:27 +0000] "GET /phpmyadmin HTTP/1.1" 404 653 "-" "Nikto/2.1.6"
10.0.0.13 - - [15/Jan/2024:08:52:48 +0000] "GET /api/v1/data HTTP/1.1" 200 1281 "-" "Mozilla/5.0 (Macintosh; Intel Mac OS X 10_15_7) AppleWebKit/605.1.15"
10.0.0.9 - - [15/Jan/2024:14:51:39 +0000] "GET /api/v1/data HTTP/1.1" 200 193 "-" "Mozilla/5.0 (X11; Linux x86_64) Gecko/20100101 Firefox/118.0"
10.0.0.3 - - [15/Jan/2024:14:55:10 +0000] "GET /contact.html HTTP/1.1" 200 4847 "-" "Mozilla/5.0 (X11; Linux x86_64) Gecko/20100101 Firefox/118.0"
10.0.0.20 - - [15/Jan/2024:15:17:35 +0000] "GET /contact.html HTTP/1.1" 200 3140 "-" "Mozilla/5.0 (Macintosh; Intel Mac OS X 10_15_7) AppleWebKit/605.1.15"
192.168.99.1 - - [15/Jan/2024:03:25:49 +0000] "POST /login HTTP/1.1" 401 226 "-" "Mozilla/5.0 (Windows NT 10.0; Win64; x64) AppleWebKit/537.36"
172.16.0.55 - - [15/Jan/2024:22:32:20 +0000] "GET /api/v1/data HTTP/1.1" 200 619065 "-" "Mozilla/5.0 (X11; Linux x86_64) Gecko/20100101 Firefox/118.0"
10.0.0.14 - - [15/Jan/2024:15:12:34 +0000] "GET /logout HTTP/1.1" 200 3934 "-" "Mozilla/5.0 (X11; Linux x86_64) Gecko/20100101 Firefox/118.0"
10.0.0.5 - - [15/Jan/2024:08:28:37 +0000] "GET /admin/config HTTP/1.1" 200 620 "-" "Mozilla/5.0 (X11; Linux x86_64) Gecko/20100101 Firefox/118.0"
192.168.99.1 - - [15/Jan/2024:03:15:54 +0000] "POST /login HTTP/1.1" 401 212 "-" "Mozilla/5.0 (Windows NT 10.0; Win64; x64) AppleWebKit/537.36"
10.0.0.7 - - [15/Jan/2024:11:45:31 +0000] "POST /static/app.js HTTP/1.1" 200 610 "-" "Mozilla/5.0 (Macintosh; Intel Mac OS X 10_15_7) AppleWebKit/605.1.15"
10.0.0.11 - - [15/Jan/2024:15:58:36 +0000] "GET /products.html HTTP/1.1" 200 3858 "-" "Mozilla/5.0 (X11; Linux x86_64) Gecko/20100101 Firefox/118.0"
10.0.0.11 - - [15/Jan/2024:09:51:02 +0000] "GET /dashboard HTTP/1.1" 304 857 "-" "Mozilla/5.0 (Macintosh; Intel Mac OS X 10_15_7) AppleWebKit/605.1.15"
10.0.0.9 - - [15/Jan/2024:10:50:40 +0000] "GET /api/v1/data HTTP/1.1" 200 649 "-" "Mozilla/5.0 (Macintosh; Intel Mac OS X 10_15_7) AppleWebKit/605.1.15"
192.168.99.1 - - [15/Jan/2024:03:25:41 +0000] "POST /login HTTP/1.1" 403 236 "-" "Mozilla/5.0 (Windows NT 10.0; Win64; x64) AppleWebKit/537.36"
10.0.0.18 - - [15/Jan/2024:08:27:37 +0000] "GET /index.html HTTP/1.1" 304 1462 "-" "Mozilla/5.0 (Windows NT 10.0; Win64; x64) AppleWebKit/537.36"
45.33.32.156 - - [15/Jan/2024:14:01:54 +0000] "GET /.env HTTP/1.1" 404 314 "-" "sqlmap/1.7.8"
10.0.0.8 - - [15/Jan/2024:13:11:10 +0000] "POST /static/style.css HTTP/1.1" 200 2865 "-" "Mozilla/5.0 (X11; Linux x86_64) Gecko/20100101 Firefox/118.0"
10.0.0.4 - - [15/Jan/2024:09:16:27 +0000] "GET /logout HTTP/1.1" 200 2676 "-" "Mozilla/5.0 (Macintosh; Intel Mac OS X 10_15_7) AppleWebKit/605.1.15"
45.33.32.156 - - [15/Jan/2024:14:01:15 +0000] "GET /api/v1/admin HTTP/1.1" 403 95 "-" "sqlmap/1.7.8"
10.0.0.9 - - [15/Jan/2024:13:46:18 +0000] "GET /static/style.css HTTP/1.1" 200 3175 "-" "Mozilla/5.0 (X11; Linux x86_64) Gecko/20100101 Firefox/118.0"
10.0.0.15 - - [15/Jan/2024:10:00:42 +0000] "GET /api/v1/data HTTP/1.1" 200 4921 "-" "Mozilla/5.0 (X11; Linux x86_64) Gecko/20100101 Firefox/118.0"
192.168.99.1 - - [15/Jan/2024:03:07:06 +0000] "POST /login HTTP/1.1" 403 86 "-" "Mozilla/5.0 (Windows NT 10.0; Win64; x64) AppleWebKit/537.36"
10.0.0.10 - - [15/Jan/2024:08:36:41 +0000] "GET /index.html HTTP/1.1" 200 995 "-" "Mozilla/5.0 (Macintosh; Intel Mac OS X 10_15_7) AppleWebKit/605.1.15"
192.168.99.1 - - [15/Jan/2024:03:48:06 +0000] "POST /login HTTP/1.1" 403 248 "-" "Mozilla/5.0 (Windows NT 10.0; Win64; x64) AppleWebKit/537.36"
10.0.0.18 - - [15/Jan/2024:09:02:40 +0000] "GET /products.html HTTP/1.1" 304 684 "-" "Mozilla/5.0 (Windows NT 10.0; Win64; x64) AppleWebKit/537.36"
10.0.0.1 - - [15/Jan/2024:12:20:29 +0000] "GET /api/v1/data HTTP/1.1" 200 4509 "-" "Mozilla/5.0 (Macintosh; Intel Mac OS X 10_15_7) AppleWebKit/605.1.15"
192.168.99.1 - - [15/Jan/2024:03:57:47 +0000] "POST /login HTTP/1.1" 401 112 "-" "Mozilla/5.0 (Windows NT 10.0; Win64; x64) AppleWebKit/537.36"
10.0.0.6 - - [15/Jan/2024:12:02:18 +0000] "GET /admin/config HTTP/1.1" 304 2757 "-" "Mozilla/5.0 (Windows NT 10.0; Win64; x64) AppleWebKit/537.36"
192.168.99.1 - - [15/Jan/2024:03:26:57 +0000] "POST /login HTTP/1.1" 401 147 "-" "Mozilla/5.0 (Windows NT 10.0; Win64; x64) AppleWebKit/537.36"
10.0.0.7 - - [15/Jan/2024:13:47:40 +0000] "GET /logout HTTP/1.1" 200 1220 "-" "Mozilla/5.0 (X11; Linux x86_64) Gecko/20100101 Firefox/118.0"
10.0.0.14 - - [15/Jan/2024:11:25:27 +0000] "GET /static/style.css HTTP/1.1" 200 2757 "-" "Mozilla/5.0 (Macintosh; Intel Mac OS X 10_15_7) AppleWebKit/605.1.15"
10.0.0.15 - - [15/Jan/2024:10:47:23 +0000] "GET /logout HTTP/1.1" 200 2979 "-" "Mozilla/5.0 (Macintosh; Intel Mac OS X 10_15_7) AppleWebKit/605.1.15"
10.0.0.9 - - [15/Jan/2024:09:02:22 +0000] "GET /login HTTP/1.1" 200 3715 "-" "Mozilla/5.0 (Windows NT 10.0; Win64; x64) AppleWebKit/537.36"
10.0.0.14 - - [15/Jan/2024:14:21:16 +0000] "GET /api/v1/data HTTP/1.1" 200 937 "-" "Mozilla/5.0 (Macintosh; Intel Mac OS X 10_15_7) AppleWebKit/605.1.15"
10.0.0.8 - - [15/Jan/2024:09:54:43 +0000] "GET /dashboard HTTP/1.1" 200 3429 "-" "Mozilla/5.0 (X11; Linux x86_64) Gecko/20100101 Firefox/118.0"
45.33.32.156 - - [15/Jan/2024:14:03:33 +0000] "GET /.env HTTP/1.1" 404 58 "-" "Nikto/2.1.6"
10.0.0.20 - - [15/Jan/2024:09:48:42 +0000] "GET /login HTTP/1.1" 200 418 "-" "Mozilla/5.0 (Windows NT 10.0; Win64; x64) AppleWebKit/537.36"
10.0.0.20 - - [15/Jan/2024:08:13:40 +0000] "GET /login HTTP/1.1" 304 617 "-" "Mozilla/5.0 (Windows NT 10.0; Win64; x64) AppleWebKit/537.36"
192.168.99.1 - - [15/Jan/2024:03:21:43 +0000] "POST /login HTTP/1.1" 403 297 "-" "Mozilla/5.0 (Windows NT 10.0; Win64; x64) AppleWebKit/537.36"
10.0.0.8 - - [15/Jan/2024:13:48:24 +0000] "GET /index.html HTTP/1.1" 200 3969 "-" "Mozilla/5.0 (X11; Linux x86_64) Gecko/20100101 Firefox/118.0"
10.0.0.5 - - [15/Jan/2024:15:21:18 +0000] "GET /login HTTP/1.1" 200 641 "-" "Mozilla/5.0 (X11; Linux x86_64) Gecko/20100101 Firefox/118.0"
10.0.0.15 - - [15/Jan/2024:09:12:49 +0000] "POST /dashboard HTTP/1.1" 404 2699 "-" "Mozilla/5.0 (X11; Linux x86_64) Gecko/20100101 Firefox/118.0"
10.0.0.13 - - [15/Jan/2024:09:14:05 +0000] "GET /static/style.css HTTP/1.1" 200 4525 "-" "Mozilla/5.0 (X11; Linux x86_64) Gecko/20100101 Firefox/118.0"
